[    0.000000] Initializing cgroup subsys cpuset
[    0.000000] Initializing cgroup subsys cpu
[    0.000000] Initializing cgroup subsys cpuacct
[    0.000000] Linux version 4.4.0-148-generic (buildd@lgw01-amd64-031) (gcc version 5.4.0 20160609 (Ubuntu 5.4.0-6ubuntu1~16.04.10) ) #174-Ubuntu SMP Tue May 7 12:20:14 UTC 2019 (Ubuntu 4.4.0-148.174-generic 4.4.177)
[    0.000000] Command line: BOOT_IMAGE=/boot/vmlinuz-4.4.0-148-generic root=LABEL=cloudimg-rootfs ro console=tty1 console=ttyS0
[    0.000000] KERNEL supported cpus:
[    0.000000]   Intel GenuineIntel
[    0.000000]   AMD AuthenticAMD
[    0.000000]   Centaur CentaurHauls
[    0.000000] x86/fpu: xstate_offset[2]:  576, xstate_sizes[2]:  256
[    0.000000] x86/fpu: Supporting XSAVE feature 0x01: 'x87 floating point registers'
[    0.000000] x86/fpu: Supporting XSAVE feature 0x02: 'SSE registers'
[    0.000000] x86/fpu: Supporting XSAVE feature 0x04: 'AVX registers'
[    0.000000] x86/fpu: Enabled xstate features 0x7, context size is 832 bytes, using 'standard' format.
[    0.000000] e820: BIOS-provided physical RAM map:
[    0.000000] BIOS-e820: [mem 0x0000000000000000-0x000000000009fbff] usable
[    0.000000] BIOS-e820: [mem 0x000000000009fc00-0x000000000009ffff] reserved
[    0.000000] BIOS-e820: [mem 0x00000000000f0000-0x00000000000fffff] reserved
[    0.000000] BIOS-e820: [mem 0x0000000000100000-0x000000003ffeffff] usable
[    0.000000] BIOS-e820: [mem 0x000000003fff0000-0x000000003fffffff] ACPI data
[    0.000000] BIOS-e820: [mem 0x00000000fec00000-0x00000000fec00fff] reserved
[    0.000000] BIOS-e820: [mem 0x00000000fee00000-0x00000000fee00fff] reserved
[    0.000000] BIOS-e820: [mem 0x00000000fffc0000-0x00000000ffffffff] reserved
[    0.000000] NX (Execute Disable) protection: active
[    0.000000] SMBIOS 2.5 present.
[    0.000000] Hypervisor detected: KVM
[    0.000000] e820: last_pfn = 0x3fff0 max_arch_pfn = 0x400000000
[    0.000000] MTRR: Disabled
[    0.000000] x86/PAT: MTRRs disabled, skipping PAT initialization too.
[    0.000000] CPU MTRRs all blank - virtualized system.
[    0.000000] x86/PAT: Configuration [0-7]: WB  WT  UC- UC  WB  WT  UC- UC  
[    0.000000] found SMP MP-table at [mem 0x0009fff0-0x0009ffff] mapped at [ffff88000009fff0]
[    0.000000] Scanning 1 areas for low memory corruption
[    0.000000] RAMDISK: [mem 0x362fa000-0x37174fff]
[    0.000000] ACPI: Early table checksum verification disabled
[    0.000000] ACPI: RSDP 0x00000000000E0000 000024 (v02 VBOX  )
[    0.000000] ACPI: XSDT 0x000000003FFF0030 00003C (v01 VBOX   VBOXXSDT 00000001 ASL  00000061)
[    0.000000] ACPI: FACP 0x000000003FFF00F0 0000F4 (v04 VBOX   VBOXFACP 00000001 ASL  00000061)
[    0.000000] ACPI: DSDT 0x000000003FFF0470 0022EA (v02 VBOX   VBOXBIOS 00000002 INTL 20100528)
[    0.000000] ACPI: FACS 0x000000003FFF0200 000040
[    0.000000] ACPI: FACS 0x000000003FFF0200 000040
[    0.000000] ACPI: APIC 0x000000003FFF0240 00005C (v02 VBOX   VBOXAPIC 00000001 ASL  00000061)
[    0.000000] ACPI: SSDT 0x000000003FFF02A0 0001CC (v01 VBOX   VBOXCPUT 00000002 INTL 20100528)
[    0.000000] No NUMA configuration found
[    0.000000] Faking a node at [mem 0x0000000000000000-0x000000003ffeffff]
[    0.000000] NODE_DATA(0) allocated [mem 0x3ffeb000-0x3ffeffff]
[    0.000000] kvm-clock: Using msrs 4b564d01 and 4b564d00
[    0.000000] kvm-clock: cpu 0, msr 0:3ffe3001, primary cpu clock
[    0.000000] kvm-clock: using sched offset of 5558324672 cycles
[    0.000000] clocksource: kvm-clock: mask: 0xffffffffffffffff max_cycles: 0x1cd42e4dffb, max_idle_ns: 881590591483 ns
[    0.000000] Zone ranges:
[    0.000000]   DMA      [mem 0x0000000000001000-0x0000000000ffffff]
[    0.000000]   DMA32    [mem 0x0000000001000000-0x000000003ffeffff]
[    0.000000]   Normal   empty
[    0.000000]   Device   empty
[    0.000000] Movable zone start for each node
[    0.000000] Early memory node ranges
[    0.000000]   node   0: [mem 0x0000000000001000-0x000000000009efff]
[    0.000000]   node   0: [mem 0x0000000000100000-0x000000003ffeffff]
[    0.000000] Initmem setup node 0 [mem 0x0000000000001000-0x000000003ffeffff]
[    0.000000] ACPI: PM-Timer IO Port: 0x4008
[    0.000000] IOAPIC[0]: apic_id 2, version 32, address 0xfec00000, GSI 0-23
[    0.000000] ACPI: INT_SRC_OVR (bus 0 bus_irq 0 global_irq 2 dfl dfl)
[    0.000000] ACPI: INT_SRC_OVR (bus 0 bus_irq 9 global_irq 9 low level)
[    0.000000] Using ACPI (MADT) for SMP configuration information
[    0.000000] smpboot: Allowing 2 CPUs, 0 hotplug CPUs
[    0.000000] PM: Registered nosave memory: [mem 0x00000000-0x00000fff]
[    0.000000] PM: Registered nosave memory: [mem 0x0009f000-0x0009ffff]
[    0.000000] PM: Registered nosave memory: [mem 0x000a0000-0x000effff]
[    0.000000] PM: Registered nosave memory: [mem 0x000f0000-0x000fffff]
[    0.000000] e820: [mem 0x40000000-0xfebfffff] available for PCI devices
[    0.000000] Booting paravirtualized kernel on KVM
[    0.000000] clocksource: refined-jiffies: mask: 0xffffffff max_cycles: 0xffffffff, max_idle_ns: 7645519600211568 ns
[    0.000000] setup_percpu: NR_CPUS:512 nr_cpumask_bits:512 nr_cpu_ids:2 nr_node_ids:1
[    0.000000] PERCPU: Embedded 34 pages/cpu @ffff88003fc00000 s99480 r8192 d31592 u1048576
[    0.000000] Built 1 zonelists in Node order, mobility grouping on.  Total pages: 257912
[    0.000000] Policy zone: DMA32
[    0.000000] Kernel command line: BOOT_IMAGE=/boot/vmlinuz-4.4.0-148-generic root=LABEL=cloudimg-rootfs ro console=tty1 console=ttyS0
[    0.000000] PID hash table entries: 4096 (order: 3, 32768 bytes)
[    0.000000] Memory: 997732K/1048120K available (8609K kernel code, 1334K rwdata, 4028K rodata, 1484K init, 1284K bss, 50388K reserved, 0K cma-reserved)
[    0.000000] SLUB: HWalign=64, Order=0-3, MinObjects=0, CPUs=2, Nodes=1
[    0.000000] Kernel/User page tables isolation: enabled
[    0.000000] Hierarchical RCU implementation.
[    0.000000] 	Build-time adjustment of leaf fanout to 64.
[    0.000000] 	RCU restricting CPUs from NR_CPUS=512 to nr_cpu_ids=2.
[    0.000000] RCU: Adjusting geometry for rcu_fanout_leaf=64, nr_cpu_ids=2
[    0.000000] NR_IRQS:33024 nr_irqs:440 16
[    0.000000] Console: colour VGA+ 80x25
[    0.000000] console [tty1] enabled
[    0.000000] console [ttyS0] enabled
[    0.000000] tsc: Detected 1599.999 MHz processor
[    0.292708] Calibrating delay loop (skipped) preset value.. 3199.99 BogoMIPS (lpj=6399996)
[    0.297511] pid_max: default: 32768 minimum: 301
[    0.299468] ACPI: Core revision 20150930
[    0.302075] ACPI: 2 ACPI AML tables successfully acquired and loaded
[    0.305329] Security Framework initialized
[    0.307254] Yama: becoming mindful.
[    0.308730] AppArmor: AppArmor initialized
[    0.310377] Dentry cache hash table entries: 131072 (order: 8, 1048576 bytes)
[    0.316410] Inode-cache hash table entries: 65536 (order: 7, 524288 bytes)
[    0.319699] Mount-cache hash table entries: 2048 (order: 2, 16384 bytes)
[    0.323842] Mountpoint-cache hash table entries: 2048 (order: 2, 16384 bytes)
[    0.329184] Initializing cgroup subsys io
[    0.332516] Initializing cgroup subsys memory
[    0.337471] Initializing cgroup subsys devices
[    0.347083] Initializing cgroup subsys freezer
[    0.356016] Initializing cgroup subsys net_cls
[    0.358675] Initializing cgroup subsys perf_event
[    0.361982] Initializing cgroup subsys net_prio
[    0.369922] Initializing cgroup subsys hugetlb
[    0.380433] Initializing cgroup subsys pids
[    0.395549] mce: CPU supports 0 MCE banks
[    0.403780] Last level iTLB entries: 4KB 64, 2MB 8, 4MB 8
[    0.413642] Last level dTLB entries: 4KB 64, 2MB 0, 4MB 0, 1GB 4
[    0.424076] Spectre V2 : Mitigation: Full generic retpoline
[    0.438231] Spectre V2 : Spectre v2 / SpectreRSB mitigation: Filling RSB on context switch
[    0.474001] Speculative Store Bypass: Vulnerable
[    0.476800] MDS: Vulnerable: Clear CPU buffers attempted, no microcode
[    0.483706] Freeing SMP alternatives memory: 36K
[    0.495815] ftrace: allocating 32293 entries in 127 pages
[    0.574643] smpboot: APIC(0) Converting physical 0 to logical package 0
[    0.578404] smpboot: Max logical packages: 1
[    0.580701] x2apic enabled
[    0.582201] Switched APIC routing to physical x2apic.
[    0.585701] ..TIMER: vector=0x30 apic1=0 pin1=2 apic2=-1 pin2=-1
[    0.695208] smpboot: CPU0: Intel(R) Core(TM) i5-5250U CPU @ 1.60GHz (family: 0x6, model: 0x3d, stepping: 0x4)
[    0.699819] Performance Events: unsupported p6 CPU model 61 no PMU driver, software events only.
[    0.716078] KVM setup paravirtual spinlock
[    0.718540] x86: Booting SMP configuration:
[    0.720394] .... node  #0, CPUs:      #1
[    0.722736] kvm-clock: cpu 1, msr 0:3ffe3041, secondary cpu clock
[    0.726630] mce: CPU supports 0 MCE banks
[    0.730387] x86: Booted up 1 node, 2 CPUs
[    0.733583] smpboot: Total of 2 processors activated (6399.99 BogoMIPS)
[    0.737456] devtmpfs: initialized
[    0.740746] evm: security.selinux
[    0.742238] evm: security.SMACK64
[    0.744117] evm: security.SMACK64EXEC
[    0.745665] evm: security.SMACK64TRANSMUTE
[    0.747688] evm: security.SMACK64MMAP
[    0.749227] evm: security.ima
[    0.750782] evm: security.capability
[    0.752750] clocksource: jiffies: mask: 0xffffffff max_cycles: 0xffffffff, max_idle_ns: 7645041785100000 ns
[    0.757579] futex hash table entries: 512 (order: 3, 32768 bytes)
[    0.760982] pinctrl core: initialized pinctrl subsystem
[    0.763446] RTC time: 10:15:07, date: 05/31/19
[    0.765627] NET: Registered protocol family 16
[    0.779872] cpuidle: using governor ladder
[    0.791909] cpuidle: using governor menu
[    0.795325] PCCT header not found.
[    0.797234] ACPI: bus type PCI registered
[    0.799703] acpiphp: ACPI Hot Plug PCI Controller Driver version: 0.5
[    0.802712] PCI: Using configuration type 1 for base access
[    0.817832] ACPI: Added _OSI(Module Device)
[    0.820229] ACPI: Added _OSI(Processor Device)
[    0.822203] ACPI: Added _OSI(3.0 _SCP Extensions)
[    0.825164] ACPI: Added _OSI(Processor Aggregator Device)
[    0.828697] ACPI: Executed 1 blocks of module-level executable AML code
[    0.835848] ACPI: Interpreter enabled
[    0.837584] ACPI: (supports S0 S5)
[    0.839348] ACPI: Using IOAPIC for interrupt routing
[    0.841757] PCI: Using host bridge windows from ACPI; if necessary, use "pci=nocrs" and report a bug
[    0.851838] ACPI: PCI Root Bridge [PCI0] (domain 0000 [bus 00-ff])
[    0.854369] acpi PNP0A03:00: _OSC: OS supports [ASPM ClockPM Segments MSI]
[    0.858338] acpi PNP0A03:00: _OSC: not requesting OS control; OS requires [ExtendedConfig ASPM ClockPM MSI]
[    0.863133] acpi PNP0A03:00: fail to add MMCONFIG information, can't access extended PCI configuration space under this bridge.
[    0.868538] PCI host bridge to bus 0000:00
[    0.870257] pci_bus 0000:00: root bus resource [io  0x0000-0x0cf7 window]
[    0.874117] pci_bus 0000:00: root bus resource [io  0x0d00-0xffff window]
[    0.877492] pci_bus 0000:00: root bus resource [mem 0x000a0000-0x000bffff window]
[    0.880850] pci_bus 0000:00: root bus resource [mem 0x40000000-0xfdffffff window]
[    0.884382] pci_bus 0000:00: root bus resource [bus 00-ff]
[    0.892310] pci 0000:00:01.1: legacy IDE quirk: reg 0x10: [io  0x01f0-0x01f7]
[    0.895757] pci 0000:00:01.1: legacy IDE quirk: reg 0x14: [io  0x03f6]
[    0.898339] pci 0000:00:01.1: legacy IDE quirk: reg 0x18: [io  0x0170-0x0177]
[    0.901471] pci 0000:00:01.1: legacy IDE quirk: reg 0x1c: [io  0x0376]
[    0.932413] pci 0000:00:07.0: quirk: [io  0x4000-0x403f] claimed by PIIX4 ACPI
[    0.947380] pci 0000:00:07.0: quirk: [io  0x4100-0x410f] claimed by PIIX4 SMB
[    0.970484] ACPI: PCI Interrupt Link [LNKA] (IRQs 5 9 10 *11)
[    0.977798] ACPI: PCI Interrupt Link [LNKB] (IRQs 5 9 *10 11)
[    0.981160] ACPI: PCI Interrupt Link [LNKC] (IRQs 5 *9 10 11)
[    0.984058] ACPI: PCI Interrupt Link [LNKD] (IRQs 5 9 10 *11)
[    0.987539] ACPI: Enabled 2 GPEs in block 00 to 07
[    0.990441] vgaarb: setting as boot device: PCI:0000:00:02.0
[    0.992957] vgaarb: device added: PCI:0000:00:02.0,decodes=io+mem,owns=io+mem,locks=none
[    0.996460] vgaarb: loaded
[    0.997696] vgaarb: bridge control possible 0000:00:02.0
[    1.000334] SCSI subsystem initialized
[    1.002283] ACPI: bus type USB registered
[    1.004168] usbcore: registered new interface driver usbfs
[    1.007562] usbcore: registered new interface driver hub
[    1.009679] usbcore: registered new device driver usb
[    1.012410] PCI: Using ACPI for IRQ routing
[    1.015012] NetLabel: Initializing
[    1.016651] NetLabel:  domain hash size = 128
[    1.018405] NetLabel:  protocols = UNLABELED CIPSOv4
[    1.022757] NetLabel:  unlabeled traffic allowed by default
[    1.026183] amd_nb: Cannot enumerate AMD northbridges
[    1.028300] clocksource: Switched to clocksource kvm-clock
[    1.041161] AppArmor: AppArmor Filesystem Enabled
[    1.043285] pnp: PnP ACPI init
[    1.046526] pnp: PnP ACPI: found 3 devices
[    1.059570] clocksource: acpi_pm: mask: 0xffffff max_cycles: 0xffffff, max_idle_ns: 2085701024 ns
[    1.063873] NET: Registered protocol family 2
[    1.066140] TCP established hash table entries: 8192 (order: 4, 65536 bytes)
[    1.068945] TCP bind hash table entries: 8192 (order: 5, 131072 bytes)
[    1.071555] TCP: Hash tables configured (established 8192 bind 8192)
[    1.074147] UDP hash table entries: 512 (order: 2, 16384 bytes)
[    1.076598] UDP-Lite hash table entries: 512 (order: 2, 16384 bytes)
[    1.079518] NET: Registered protocol family 1
[    1.081244] pci 0000:00:00.0: Limiting direct PCI/PCI transfers
[    1.083445] pci 0000:00:01.0: Activating ISA DMA hang workarounds
[    1.086047] Unpacking initramfs...
[    1.378504] Freeing initrd memory: 14828K
[    1.380373] RAPL PMU detected, API unit is 2^-32 Joules, 4 fixed counters 10737418240 ms ovfl timer
[    1.383916] hw unit of domain pp0-core 2^-0 Joules
[    1.385842] hw unit of domain package 2^-0 Joules
[    1.387759] hw unit of domain dram 2^-0 Joules
[    1.390462] hw unit of domain pp1-gpu 2^-0 Joules
[    1.392690] clocksource: tsc: mask: 0xffffffffffffffff max_cycles: 0x171023f09ff, max_idle_ns: 440795233615 ns
[    1.396929] platform rtc_cmos: registered platform RTC device (no PNP device found)
[    1.400298] Scanning for low memory corruption every 60 seconds
[    1.403222] audit: initializing netlink subsys (disabled)
[    1.406294] audit: type=2000 audit(1559297714.590:1): initialized
[    1.408780] Initialise system trusted keyring
[    1.411252] HugeTLB registered 2 MB page size, pre-allocated 0 pages
[    1.415054] zbud: loaded
[    1.416631] VFS: Disk quotas dquot_6.6.0
[    1.418273] VFS: Dquot-cache hash table entries: 512 (order 0, 4096 bytes)
[    1.421021] squashfs: version 4.0 (2009/01/31) Phillip Lougher
[    1.424627] fuse init (API version 7.23)
[    1.426789] Key type big_key registered
[    1.429167] Allocating IMA MOK and blacklist keyrings.
[    1.434310] Key type asymmetric registered
[    1.436343] Asymmetric key parser 'x509' registered
[    1.439233] Block layer SCSI generic (bsg) driver version 0.4 loaded (major 249)
[    1.442491] io scheduler noop registered
[    1.444272] io scheduler deadline registered (default)
[    1.446711] io scheduler cfq registered
[    1.448345] pci_hotplug: PCI Hot Plug PCI Core version: 0.5
[    1.450515] pciehp: PCI Express Hot Plug Controller Driver version: 0.4
[    1.453383] ACPI: AC Adapter [AC] (off-line)
[    1.455229] input: Power Button as /devices/LNXSYSTM:00/LNXPWRBN:00/input/input0
[    1.459580] ACPI: Power Button [PWRF]
[    1.461494] input: Sleep Button as /devices/LNXSYSTM:00/LNXSLPBN:00/input/input1
[    1.465960] ACPI: Sleep Button [SLPF]
[    1.468218] GHES: HEST is not enabled!
[    1.470366] ACPI: Battery Slot [BAT0] (battery present)
[    1.472813] Serial: 8250/16550 driver, 32 ports, IRQ sharing enabled
[    1.496608] 00:02: ttyS0 at I/O 0x3f8 (irq = 4, base_baud = 115200) is a 16550A
[    1.501782] Linux agpgart interface v0.103
[    1.509481] loop: module loaded
[    1.512525] scsi host0: ata_piix
[    1.515266] scsi host1: ata_piix
[    1.517579] ata1: PATA max UDMA/33 cmd 0x1f0 ctl 0x3f6 bmdma 0xd000 irq 14
[    1.521439] ata2: PATA max UDMA/33 cmd 0x170 ctl 0x376 bmdma 0xd008 irq 15
[    1.526801] libphy: Fixed MDIO Bus: probed
[    1.528619] tun: Universal TUN/TAP device driver, 1.6
[    1.530805] tun: (C) 1999-2004 Max Krasnyansky <maxk@qualcomm.com>
[    1.533352] PPP generic driver version 2.4.2
[    1.535900] ehci_hcd: USB 2.0 'Enhanced' Host Controller (EHCI) Driver
[    1.539681] ehci-pci: EHCI PCI platform driver
[    1.543213] ehci-platform: EHCI generic platform driver
[    1.546346] ohci_hcd: USB 1.1 'Open' Host Controller (OHCI) Driver
[    1.549542] ohci-pci: OHCI PCI platform driver
[    1.553017] ohci-platform: OHCI generic platform driver
[    1.559431] uhci_hcd: USB Universal Host Controller Interface driver
[    1.570919] i8042: PNP: PS/2 Controller [PNP0303:PS2K,PNP0f03:PS2M] at 0x60,0x64 irq 1,12
[    1.579514] serio: i8042 KBD port at 0x60,0x64 irq 1
[    1.583250] serio: i8042 AUX port at 0x60,0x64 irq 12
[    1.588900] mousedev: PS/2 mouse device common for all mice
[    1.601436] input: AT Translated Set 2 keyboard as /devices/platform/i8042/serio0/input/input2
[    1.612329] rtc_cmos rtc_cmos: rtc core: registered rtc_cmos as rtc0
[    1.621865] rtc_cmos rtc_cmos: alarms up to one day, 114 bytes nvram
[    1.635136] i2c /dev entries driver
[    1.639786] device-mapper: uevent: version 1.0.3
[    1.644083] device-mapper: ioctl: 4.34.0-ioctl (2015-10-28) initialised: dm-devel@redhat.com
[    1.655713] ledtrig-cpu: registered to indicate activity on CPUs
[    1.663442] NET: Registered protocol family 10
[    1.666605] NET: Registered protocol family 17
[    1.668435] Key type dns_resolver registered
[    1.670521] registered taskstats version 1
[    1.673591] Loading compiled-in X.509 certificates
[    1.676654] Loaded X.509 cert 'Build time autogenerated kernel key: 5103689f9da3e841c6100f8bb032b132cf76e38d'
[    1.681887] zswap: loaded using pool lzo/zbud
[    1.686951] Key type trusted registered
[    1.694232] Key type encrypted registered
[    1.696138] AppArmor: AppArmor sha1 policy hashing enabled
[    1.698668] ima: No TPM chip found, activating TPM-bypass!
[    1.701645] ima: Allocated hash algorithm: sha1
[    1.704024] evm: HMAC attrs: 0x1
[    1.707167]   Magic number: 3:104:276
[    1.709346] tty tty13: hash matches
[    1.711057] rtc_cmos rtc_cmos: setting system clock to 2019-05-31 10:15:08 UTC (1559297708)
[    1.715775] BIOS EDD facility v0.16 2004-Jun-25, 0 devices found
[    1.718740] EDD information not available.
[    1.722705] Freeing unused kernel memory: 1484K
[    1.736995] Write protecting the kernel read-only data: 14336k
[    1.742023] Freeing unused kernel memory: 1620K
[    1.744211] Freeing unused kernel memory: 68K
Loading, please wait...
starting version 229
[    1.769178] random: udevadm: uninitialized urandom read (16 bytes read, 5 bits of entropy available)
[    1.770426] random: systemd-udevd: uninitialized urandom read (16 bytes read, 5 bits of entropy available)
[    1.770515] random: systemd-udevd: uninitialized urandom read (16 bytes read, 5 bits of entropy available)
[    1.770529] random: systemd-udevd: uninitialized urandom read (16 bytes read, 5 bits of entropy available)
[    1.770547] random: systemd-udevd: uninitialized urandom read (16 bytes read, 5 bits of entropy available)
[    1.795792] random: udevadm: uninitialized urandom read (16 bytes read, 5 bits of entropy available)
[    1.808167] random: systemd-udevd: uninitialized urandom read (16 bytes read, 5 bits of entropy available)
[    1.811830] random: systemd-udevd: uninitialized urandom read (16 bytes read, 5 bits of entropy available)
[    1.818202] random: systemd-udevd: uninitialized urandom read (16 bytes read, 5 bits of entropy available)
[    1.821489] random: udevadm: uninitialized urandom read (16 bytes read, 5 bits of entropy available)
[    1.883459] Fusion MPT base driver 3.04.20
[    1.889036] Copyright (c) 1999-2008 LSI Corporation
[    1.906392] e1000: Intel(R) PRO/1000 Network Driver - version 7.3.21-k8-NAPI
[    1.911365] e1000: Copyright (c) 1999-2006 Intel Corporation.
[    1.951621] AVX2 version of gcm_enc/dec engaged.
[    1.954100] AES CTR mode by8 optimization enabled
[    1.954489] Fusion MPT SPI Host driver 3.04.20
[    2.142525] input: ImExPS/2 Generic Explorer Mouse as /devices/platform/i8042/serio1/input/input4
[    2.430048] e1000 0000:00:03.0 eth0: (PCI:33MHz:32-bit) 02:5b:c0:ee:75:0a
[    2.433058] e1000 0000:00:03.0 eth0: Intel(R) PRO/1000 Network Connection
[    2.436849] mptbase: ioc0: Initiating bringup
[    2.500815] ioc0: LSI53C1030 A0: Capabilities={Initiator}
[    2.669087] scsi host2: ioc0: LSI53C1030 A0, FwRev=00000000h, Ports=1, MaxQ=256, IRQ=20
[    2.786315] scsi 2:0:0:0: Direct-Access     VBOX     HARDDISK         1.0  PQ: 0 ANSI: 5
[    2.797308] scsi target2:0:0: Beginning Domain Validation
[    2.810267] scsi target2:0:0: Domain Validation skipping write tests
[    2.819210] scsi target2:0:0: Ending Domain Validation
[    2.830369] scsi target2:0:0: asynchronous
[    2.844655] scsi 2:0:1:0: Direct-Access     VBOX     HARDDISK         1.0  PQ: 0 ANSI: 5
[    2.871001] scsi target2:0:1: Beginning Domain Validation
[    2.877094] scsi target2:0:1: Domain Validation skipping write tests
[    2.880286] scsi target2:0:1: Ending Domain Validation
[    2.883112] scsi target2:0:1: asynchronous
[    2.897759] sd 2:0:0:0: Attached scsi generic sg0 type 0
[    2.900306] sd 2:0:0:0: [sda] 20971520 512-byte logical blocks: (10.7 GB/10.0 GiB)
[    2.905200] sd 2:0:1:0: [sdb] 20480 512-byte logical blocks: (10.5 MB/10.0 MiB)
[    2.908456] sd 2:0:1:0: Attached scsi generic sg1 type 0
[    2.914013] sd 2:0:1:0: [sdb] Write Protect is off
[    2.916042] sd 2:0:0:0: [sda] Write Protect is off
[    2.918264] sd 2:0:1:0: [sdb] Incomplete mode parameter data
[    2.920545] sd 2:0:1:0: [sdb] Assuming drive cache: write through
[    2.928021] sd 2:0:0:0: [sda] Incomplete mode parameter data
[    2.931063] sd 2:0:0:0: [sda] Assuming drive cache: write through
[    2.941389] sd 2:0:1:0: [sdb] Attached SCSI disk
[    2.943405]  sda: sda1
[    2.945691] sd 2:0:0:0: [sda] Attached SCSI disk
[    3.321489] e1000 0000:00:08.0 eth1: (PCI:33MHz:32-bit) 08:00:27:e8:60:bd
[    3.324643] e1000 0000:00:08.0 eth1: Intel(R) PRO/1000 Network Connection
[    3.330776] e1000 0000:00:08.0 enp0s8: renamed from eth1
[    3.355993] e1000 0000:00:03.0 enp0s3: renamed from eth0
Begin: Loading essential drivers ... [    4.813734] md: linear personality registered for level -1
[    4.819602] md: multipath personality registered for level -4
[    4.826700] md: raid0 personality registered for level 0
[    4.836220] md: raid1 personality registered for level 1
[    4.908379] raid6: sse2x1   gen()  7188 MB/s
[    4.976336] raid6: sse2x1   xor()  5701 MB/s
[    5.044387] raid6: sse2x2   gen()  8596 MB/s
[    5.112605] raid6: sse2x2   xor()  3454 MB/s
[    5.180406] raid6: sse2x4   gen()  2622 MB/s
[    5.249037] raid6: sse2x4   xor()  7421 MB/s
[    5.316429] raid6: avx2x1   gen() 13912 MB/s
[    5.384835] raid6: avx2x2   gen() 16021 MB/s
[    5.453367] raid6: avx2x4   gen() 20062 MB/s
[    5.455231] raid6: using algorithm avx2x4 gen() 20062 MB/s
[    5.458728] raid6: using avx2x2 recovery algorithm
[    5.463044] xor: automatically using best checksumming function:
[    5.504385]    avx       : 20939.000 MB/sec
[    5.509591] async_tx: api initialized (async)
[    5.538147] md: raid6 personality registered for level 6
[    5.540215] md: raid5 personality registered for level 5
[    5.542311] md: raid4 personality registered for level 4
[    5.554226] md: raid10 personality registered for level 10
done.
Begin: Running /scripts/init-premount ... done.
Begin: Mounting root file system ... Begin: Running /scripts/local-top ... done.
Begin: Running /scripts/local-premount ... [    5.601441] Btrfs loaded
Scanning for Btrfs filesystems
done.
Warning: fsck not present, so skipping root file system
[    5.669636] EXT4-fs (sda1): mounted filesystem with ordered data mode. Opts: (null)
done.
Begin: Running /scripts/local-bottom ... done.
Begin: Running /scripts/init-bottom ... done.
[    5.939362] systemd[1]: systemd 229 running in system mode. (+PAM +AUDIT +SELINUX +IMA +APPARMOR +SMACK +SYSVINIT +UTMP +LIBCRYPTSETUP +GCRYPT +GNUTLS +ACL +XZ -LZ4 +SECCOMP +BLKID +ELFUTILS +KMOD -IDN)
[    5.947359] systemd[1]: Detected virtualization oracle.
[    5.949633] systemd[1]: Detected architecture x86-64.

Welcome to [1mUbuntu 16.04.6 LTS[0m!

[    5.960571] systemd[1]: Set hostname to <ubuntu>.
[    5.966561] systemd[1]: Initializing machine ID from random generator.
[    5.969509] systemd[1]: Installed transient /etc/machine-id file.
[    6.395825] systemd[1]: Listening on LVM2 metadata daemon socket.
[[0;32m  OK  [0m] Listening on LVM2 metadata daemon socket.
[    6.402070] systemd[1]: Listening on Device-mapper event daemon FIFOs.
[[0;32m  OK  [0m] Listening on Device-mapper event daemon FIFOs.
[    6.407683] systemd[1]: Reached target Swap.
[[0;32m  OK  [0m] Reached target Swap.
[    6.411430] systemd[1]: Started Forward Password Requests to Wall Directory Watch.
[[0;32m  OK  [0m] Started Forward Password Requests to Wall Directory Watch.
[    6.417428] systemd[1]: Reached target System Time Synchronized.
[[0;32m  OK  [0m] Reached target System Time Synchronized.
[    6.422794] systemd[1]: Listening on Journal Socket.
[[0;32m  OK  [0m] Listening on Journal Socket.
[    6.428864] systemd[1]: Reached target Encrypted Volumes.
[[0;32m  OK  [0m] Reached target Encrypted Volumes.
[    6.433435] systemd[1]: Listening on /dev/initctl Compatibility Named Pipe.
[[0;32m  OK  [0m] Listening on /dev/initctl Compatibility Named Pipe.
[    6.439554] systemd[1]: Created slice User and Session Slice.
[[0;32m  OK  [0m] Created slice User and Session Slice.
[    6.444396] systemd[1]: Started Trigger resolvconf update for networkd DNS.
[[0;32m  OK  [0m] Started Trigger resolvconf update for networkd DNS.
[    6.449830] systemd[1]: Created slice System Slice.
[[0;32m  OK  [0m] Created slice System Slice.
[    6.465531] systemd[1]: Mounting Huge Pages File System...
         Mounting Huge Pages File System...
[    6.472839] systemd[1]: Reached target Slices.
[[0;32m  OK  [0m] Reached target Slices.
[    6.477407] systemd[1]: Mounting POSIX Message Queue File System...
         Mounting POSIX Message Queue File System...
[    6.484617] systemd[1]: Starting Nameserver information manager...
         Starting Nameserver information manager...
[    6.518274] systemd[1]: Starting Create list of required static device nodes for the current kernel...
         Starting Create list of required st... nodes for the current kernel...
[    6.528946] systemd[1]: Created slice system-serial\x2dgetty.slice.
[[0;32m  OK  [0m] Created slice system-serial\x2dgetty.slice.
[    6.535907] systemd[1]: Listening on udev Control Socket.
[[0;32m  OK  [0m] Listening on udev Control Socket.
[    6.541178] systemd[1]: Listening on Syslog Socket.
[[0;32m  OK  [0m] Listening on Syslog Socket.
[    6.545154] systemd[1]: Listening on udev Kernel Socket.
[[0;32m  OK  [0m] Listening on udev Kernel Socket.
[    6.565875] systemd[1]: Mounting Debug File System...
         Mounting Debug File System...
[    6.570461] systemd[1]: Reached target User and Group Name Lookups.
[[0;32m  OK  [0m] Reached target User and Group Name Lookups.
[    6.576507] systemd[1]: Starting Set console keymap...
         Starting Set console keymap...
[    6.585285] systemd[1]: Starting Load Kernel Modules...
         Starting Load Kernel Modules...
[    6.590403] systemd[1]: Listening on LVM2 poll daemon socket.
[[0;32m  OK  [0m] Listening on LVM2 poll daemon socket.
[    6.602657] systemd[1]: Starting Uncomplicated firewall...
         Starting Uncomplicated firewall...
[    6.611024] systemd[1]: Starting Monitoring of LVM2 mirrors, snapshots etc. using dmeventd or progress polling...
[    6.617961] Loading iSC transport class v2.0-870.
         Starting Monitoring of LVM2 mirrors... dmeventd or progress polling...
[    6.624284] systemd[1]: Set up automount Arbitrary Executable File Formats File System Automount Point.
[[0;32m  OK  [0m] Set up automount Arbitrary Executab...ats File System Automount Point.
[    6.643015] iscsi: registered transport (tcp)
[    6.658473] systemd[1]: Starting Remount Root and Kernel File Systems...
         Starting Remount Root and Kernel File Systems...
[    6.668506] systemd[1]: Listening on Journal Socket (/dev/log).
[[0;32m  OK  [0m] Listening on Journal Socket (/dev/log).
[    6.674757] systemd[1]: Listening on Journal Audit Socket.
[    6.678100] EXT4-fs (sda1): re-mounted. Opts: (null)
[[0;32m  OK  [0m] Listening on Journal Audit Socket.
[    6.683842] systemd[1]: Starting Journal Service...
         Starting Journal Service...
[    6.691646] systemd[1]: Mounted POSIX Message Queue File System.
[[0;32m  OK  [0m] Mounted POSIX Message Queue File System.
[    6.701241] systemd[1]: Mounted Huge Pages File System.
[[0;32m  OK  [0m] Mounted Huge Pages File System.
[    6.708039] systemd[1]: Mounted Debug File System.
[[0;32m  OK  [0m] Mounted Debug File System.
[    6.729683] systemd[1]: Started Create list of required static device nodes for the current kernel.
[[0;32m  OK  [0m] Started Create list of required sta...ce nodes for the current kernel.
[    6.744317] systemd[1]: Started Set console keymap.
[[0;32m  OK  [0m] Started Set console keymap.
[    6.750355] systemd[1]: Started Uncomplicated firewall.
[[0;32m  OK  [0m] Started Uncomplicated firewall.
[    6.762331] systemd[1]: Started Remount Root and Kernel File Systems.
[    6.765605] iscsi: registered transport (iser)
[[0;32m  OK  [0m] Started Remount Root and Kernel File Systems.
[    6.772030] systemd[1]: Started Load Kernel Modules.
[[0;32m  OK  [0m] Started Load Kernel Modules.
[    6.789066] systemd[1]: Started Nameserver information manager.
[[0;32m  OK  [0m] Started Nameserver information manager.
[    6.800501] random: nonblocking pool is initialized
[    6.803004] systemd[1]: Started Journal Service.
[[0;32m  OK  [0m] Started Journal Service.
[[0;32m  OK  [0m] Started LVM2 metadata daemon.
         Mounting FUSE Control File System...
         Starting Apply Kernel Variables...
         Starting udev Coldplug all Devices...
         Starting Load/Save Random Seed...
         Starting Flush Journal to Persistent Storage...
         Starting Create Static Device Nodes in /dev...
[[0;32m  OK  [0m] Mounted FUSE Control File System.
[[0;32m  OK  [0m] Started Apply Kernel Variables.
[[0;32m  OK  [0m] Started Load/Save Random Seed.
[[0;32m  OK  [0m] Started Create Static Device Nodes in /dev.
[[0;32m  OK  [0m] Started Flush Journal to Persistent Storage.
[[0;32m  OK  [0m] Started udev Coldplug all Devices.
         Starting udev Kernel Device Manager...
[[0;32m  OK  [0m] Started udev Kernel Device Manager.
[[0;32m  OK  [0m] Started Dispatch Password Requests to Console Directory Watch.
[[0;32m  OK  [0m] Found device /dev/ttyS0.
[[0;32m  OK  [0m] Listening on Load/Save RF Kill Switch Status /dev/rfkill Watch.
[[0;32m  OK  [0m] Started Monitoring of LVM2 mirrors,...ng dmeventd or progress polling.
[[0;32m  OK  [0m] Reached target Local File Systems (Pre).
[[0;32m  OK  [0m] Reached target Local File Systems.
         Starting Initial cloud-init job (pre-networking)...
         Starting Create Volatile Files and Directories...
         Starting Commit a transient machine-id on disk...
         Starting Set console font and keymap...
         Starting Tell Plymouth To Write Out Runtime Data...
         Starting LSB: AppArmor initialization...
[[0;32m  OK  [0m] Started Create Volatile Files and Directories.
         Starting Update UTMP about System Boot/Shutdown...
[[0;32m  OK  [0m] Started Commit a transient machine-id on disk.
[[0;32m  OK  [0m] Started Tell Plymouth To Write Out Runtime Data.
[[0;32m  OK  [0m] Started Update UTMP about System Boot/Shutdown.
[[0;32m  OK  [0m] Started Set console font and keymap.
[[0;32m  OK  [0m] Created slice system-getty.slice.
[[0;32m  OK  [0m] Started LSB: AppArmor initialization.
[    9.288087] cloud-init[614]: Cloud-init v. 18.5-45-g3554ffe8-0ubuntu1~16.04.1 running 'init-local' at Fri, 31 May 2019 10:15:16 +0000. Up 8.83 seconds.
[[0;32m  OK  [0m] Started Initial cloud-init job (pre-networking).
[[0;32m  OK  [0m] Reached target Network (Pre).
         Starting Raise network interfaces...
[[0;32m  OK  [0m] Started Raise network interfaces.
         Starting Initial cloud-init job (metadata service crawler)...
[[0;32m  OK  [0m] Reached target Network.
[   11.607628] cloud-init[967]: Cloud-init v. 18.5-45-g3554ffe8-0ubuntu1~16.04.1 running 'init' at Fri, 31 May 2019 10:15:17 +0000. Up 10.20 seconds.
[   11.615406] cloud-init[967]: ci-info: ++++++++++++++++++++++++++++++++++++++Net device info+++++++++++++++++++++++++++++++++++++++
[   11.622773] cloud-init[967]: ci-info: +--------+-------+----------------------------+---------------+--------+-------------------+
[   11.640888] cloud-init[967]: ci-info: | Device |   Up  |          Address           |      Mask     | Scope  |     Hw-Address    |
[   11.654205] cloud-init[967]: ci-info: +--------+-------+----------------------------+---------------+--------+-------------------+
[   11.667919] cloud-init[967]: ci-info: | enp0s3 |  True |         10.0.2.15          | 255.255.255.0 | global | 02:5b:c0:ee:75:0a |
[   11.680836] cloud-init[967]: ci-info: | enp0s3 |  True | fe80::5b:c0ff:feee:750a/64 |       .       |  link  | 02:5b:c0:ee:75:0a |
[   11.687448] cloud-init[967]: ci-info: | enp0s8 | False |             .              |       .       |   .    | 08:00:27:e8:60:bd |
[   11.726770] cloud-init[967]: ci-info: |   lo   |  True |         127.0.0.1          |   255.0.0.0   |  host  |         .         |
[   11.735207] cloud-init[967]: ci-info: |   lo   |  True |          ::1/128           |       .       |  host  |         .         |
[   11.745238] cloud-init[967]: ci-info: +--------+-------+----------------------------+---------------+--------+-------------------+
[   11.755343] cloud-init[967]: ci-info: +++++++++++++++++++++++++++Route IPv4 info++++++++++++++++++++++++++++
[   11.769878] cloud-init[967]: ci-info: +-------+-------------+----------+---------------+-----------+-------+
[   11.781312] cloud-init[967]: ci-info: | Route | Destination | Gateway  |    Genmask    | Interface | Flags |
[   11.795906] cloud-init[967]: ci-info: +-------+-------------+----------+---------------+-----------+-------+
[   11.813218] cloud-init[967]: ci-info: |   0   |   0.0.0.0   | 10.0.2.2 |    0.0.0.0    |   enp0s3  |   UG  |
[   11.823060] cloud-init[967]: ci-info: |   1   |   10.0.2.0  | 0.0.0.0  | 255.255.255.0 |   enp0s3  |   U   |
[   11.834253] cloud-init[967]: ci-info: +-------+-------------+----------+---------------+-----------+-------+
[   11.845292] cloud-init[967]: ci-info: +++++++++++++++++++Route IPv6 info+++++++++++++++++++
[   11.863642] cloud-init[967]: ci-info: +-------+-------------+---------+-----------+-------+
[[   11.865216] cloud-init[967]: ci-info: | Route | Destination | Gateway | Interface | Flags |
[0;32m  OK  [0m] Started Initial cloud-init job (metadata service crawler).
[   11.870856] cloud-init[967]: ci-info: +-------+-------------+---------+-----------+-------+
[   11.884560] cloud-init[967]: ci-info: |   0   |  fe80::/64  |    ::   |   enp0s3  |   U   |
[   11.892564] cloud-init[967]: ci-info: |   3   |   ff00::/8  |    ::   |   enp0s3  |   U   |
[[0;32m  OK  [0m] Reached target Network is Online.
[   11.893429] cloud-init[967]: ci-info: +-------+-------------+---------+-----------+-------+
[   11.914039] cloud-init[967]: Generating public/private rsa key pair.
[   11.921599] cloud-init[967]: Your identification has been saved in /etc/ssh/ssh_host_rsa_key.
[   11.929707] cloud-init[967]: Your public key has been saved in /etc/ssh/ssh_host_rsa_key.pub.
[   11.930322] cloud-init[967]: The key fingerprint is:
[   11.930406] cloud-init[967]: SHA256:uDTP+tSKVWWfTFyHEsiioAMHgGBC6dTE9kM/+RhKoZ0 root@ubuntu-xenial
[   11.930486] cloud-init[967]: The key's randomart image is:
[   11.930546] cloud-init[967]: +---[RSA 2048]----+
         Starting iSCSI initiator daemon (iscsid)...
[   11.931613] cloud-init[967]: |X+=.     . ... .o|
[   12.037267] cloud-init[967]: |=o.+.o  . o .....|
[[0;32m  OK  [0m] Reached target System Initialization.
[   12.038607] cloud-init[967]: |oo..=.+...  o.o  |
[   12.047972] cloud-init[967]: [| .o. E.*   o + . |
[0;32m  OK  [0m] Started Daily Cleanup of Temporary Directories.
[   12.049826] cloud-init[967]: |   .. * S .   +  |
[   12.082032] cloud-init[967]: |     o * +       |
[   12.105931] cloud-init[967]: |      . = .      |
[   12.126240] cloud-init[967]: |       = .       |
         Starting LXD - unix socket.
[   12.206575] cloud-init[967]: |      o.o        |
[[0;32m  OK  [0m] Listening on ACPID Listen Socket.
[   12.219331]          cloud-initStarting Socket activation for snappy daemon.[967]: 
+----[SHA256]-----+
[   12.238352] cloud-init[967]: Generating public/private dsa key pair.
[   12.239011] cloud-init[967]: Your identification has been saved in /etc/ssh/ssh_host_dsa_key.
[[0;32m  OK  [0m] Started ACPI Events Check.
[[   12.242019] [0;32m  OK  [0mcloud-init] [967]: Reached target Paths.Your public key has been saved in /etc/ssh/ssh_host_dsa_key.pub.

[[0;32m  OK  [0m] Listening on D-Bus System Message Bus Socket.
[[   12.250316] [0;32m  OK  [0mcloud-init] [967]: Started Daily apt download activities.The key fingerprint is:

[[0;32m  OK  [0m[   12.271012] cloud-init[967]: SHA256:rHAXGDhyqNFTWfzhVXTdShIycgVOP4V+dBoroKevzJk root@ubuntu-xenial
] Started Daily apt upgrade and clean activities.
[[0;32m  OK  [0m] Reached target Timers.
[[   12.273336] [0;32m  OK  [0mcloud-init] [967]: Listening on UUID daemon activation socket.The key's randomart image is:

[[   12.282637] [0;32m  OK  [0mcloud-init] [967]: Reached target Cloud-config availability.+---[DSA 1024]----+

[   12.290115] cloud-init[967]: | . o.=o . *==oo..|
[   12.294668] cloud-init[967]: |. = = .o.=o+oo+ +|
[   12.298991] cloud-init[967]: | o + ..o.+.oo+ * |
[   12.306080] cloud-init[967]: |.      .+.. o.=  |
[   12.306627] cloud-init[967]: |    . . So   o   |
[[0;32m  OK  [0m] Listening on LXD - unix socket.
[[0;32m  OK  [0m] Listening on Socket activation for snappy daemon.
[   12.306719] cloud-init[967]: |     o o.        |
[   12.329856] cloud-init[967]: |      .  .       |
[[0;32m  OK  [0m] Started iSCSI initiator daemon (iscsid).
[   12.331054] cloud-init[967]: |       o o.      |
[   12.331143] cloud-init[967]: |        E.       |
[   12.345848] cloud-init[967]: +----[SHA256]-----+
[   12.357121] cloud-init[967]: Generating public/private ecdsa key pair.
[   12.365749] cloud-init[967]: Your identification has been saved in /etc/ssh/ssh_host_ecdsa_key.
[   12.382015] cloud-init[967]: Your public key has been saved in /etc/ssh/ssh_host_ecdsa_key.pub.
[   12.393364] cloud-init[967]: The key fingerprint is:
[   12.397532] cloud-init[967]: SHA256:wkbI5BSr9aOD0P3a6WtGISEUhCbG3HFI9taDRwXT8pU root@ubuntu-xenial
[   12.401625] cloud-init[967]: The key's randomart image is:
         Starting Login to default iSCSI targets...
[   12.411234] cloud-init[967]: +---[ECDSA 256]---+
[   12.416729] cloud-init[967]: |o+*=*o ++.  .    |
[   12.416836] cloud-init[967]: |o=oB+o+... E     |
[   12.417015] cloud-init[967]: |+  .*=.+o .      |
[   12.417370] cloud-init[967]: | . +o+o ..       |
[   12.417474] cloud-init[967]: |. o ..*.S        |
[   12.417753] cloud-init[967]: | . . +.o         |
[   12.418041] cloud-init[967]: |  . o..          |
[   12.418115] cloud-init[967]: |     +o.         |
[   12.418191] cloud-init[967]: |    .+=.         |
[   12.418797] cloud-init[967]: +----[SHA256]-----+
[   12.418893] cloud-init[967]: Generating public/private ed25519 key pair.
[   12.419236] cloud-init[967]: Your identification has been saved in /etc/ssh/ssh_host_ed25519_key.
[   12.419339] cloud-init[967]: Your public key has been saved in /etc/ssh/ssh_host_ed25519_key.pub.
[   12.419547] cloud-init[967]: The key fingerprint is:
[   12.419636] cloud-init[967]: SHA256:rSpFseLzOTyUQ8LYhosY+78H8ENmsTcWc9AYkDUSOM8 root@ubuntu-xenial
[   12.419707] cloud-init[967]: The key's randomart image is:
[   12.419791] cloud-init[967]: +--[ED25519 256]--+
[   12.419951] cloud-init[967]: |   .+===         |
[[0;32m  OK  [0m] Reached target Sockets.
[[0;32m  OK  [0m] Reached target Basic System.
[   12.420786] cloud-init[967]: |  o o.=.o        |
         Starting LSB: MD monitoring daemon...
[   12.485631] cloud-init[967]: |   O o *         |
[   12.496750] cloud-init[967]: |. + E B  .       |
[   12.500268] [[0;32m  OK  [0m] Started Unattended Upgrades Shutdown.
cloud-init[967]: |.+ X B oS .      |
[   12.504668] cloud-init[967]: |+ . * =  .       |
[   12.506938] cloud-init[967]: | .   O o.        |
[   12.509776] cloud-init[967]: |  . . B.         |
[   12.512339] cloud-init[967]: |   .o+.o         |
[   12.515070] cloud-init[967]: +----[SHA256]-----+
         Starting Accounts Service...
[[0;32m  OK  [0m] Started FUSE filesystem for LXC.
[[0;32m  OK  [0m] Started Regular background program processing daemon.
         Starting System Logging Service...
         Starting Login Service...
         Starting Pollinate to seed the pseudo random number generator...
[[0;32m  OK  [0m] Started D-Bus System Message Bus.
[[0;32m  OK  [0m] Started Deferred execution scheduler.
[[0;32m  OK  [0m] Started ACPI event daemon.
         Starting /etc/rc.local Compatibility...
         Starting LSB: Record successful boot for GRUB...
         Starting Virtualbox guest utils...
         Starting Snappy daemon...
         Starting LXD - container startup/shutdown...
[[0;32m  OK  [0m] Started System Logging Service.
[[0;32m  OK  [0m] Started /etc/rc.local Compatibility.
[[0;32m  OK  [0m] Started Login to default iSCSI targets.
[[0;32m  OK  [0m] Started LSB: MD monitoring daemon.
[[0;32m  OK  [0m] Started Login Service.
         Starting Authenticate and Authorize Users to Run Privileged Tasks...
[[0;32m  OK  [0m] Reached target Remote File Systems (Pre).
[[0;32m  OK  [0m] Reached target Remote File Systems.
         Starting Permit User Sessions...
         Starting LSB: automatic crash report generation...
         Starting LSB: daemon to balance interrupts for SMP systems...
         Starting LSB: Set the CPU Frequency Scaling governor to "ondemand"...
[[0;32m  OK  [0m] Started LSB: Record successful boot for GRUB.
[[0;32m  OK  [0m] Started Permit User Sessions.
         Starting Hold until boot process finishes up...
         Starting Terminate Plymouth Boot Screen...
[[0;32m  OK  [0m] Started Hold until boot process finishes up.
[[0;32m  OK  [0m] Started Terminate Plymouth Boot Screen.
[[0;32m  OK  [0m] Started Getty on tty1.
[[0;32m  OK  [0m] Started Serial Getty on ttyS0.
[[0;32m  OK  [0m] Reached target Login Prompts.
         Starting Set console scheme...
[[0;32m  OK  [0m] Started LSB: Set the CPU Frequency Scaling governor to "ondemand".
[[0;32m  OK  [0m] Started LSB: daemon to balance interrupts for SMP systems.
[[0;32m  OK  [0m] Started Set console scheme.
[[0;32m  OK  [0m] Started LXD - container startup/shutdown.
[[0;32m  OK  [0m] Started Authenticate and Authorize Users to Run Privileged Tasks.
[[0;32m  OK  [0m] Started Accounts Service.
[[0;32m  OK  [0m] Started LSB: automatic crash report generation.
[[0;32m  OK  [0m] Started Virtualbox guest utils.
[[0;32m  OK  [0m] Started Snappy daemon.
         Starting Wait until snapd is fully seeded...
[[0;32m  OK  [0m] Started Pollinate to seed the pseudo random number generator.
         Starting OpenBSD Secure Shell server...
[[0;32m  OK  [0m] Started OpenBSD Secure Shell server.
[[0;32m  OK  [0m] Created slice User Slice of vagrant.
         Starting User Manager for UID 1000...
[[0;32m  OK  [0m] Started Session 1 of user vagrant.
[[0;32m  OK  [0m] Started User Manager for UID 1000.
[[0;32m  OK  [0m] Started Wait until snapd is fully seeded.
         Starting Apply the settings specified in cloud-config...
[[0;32m  OK  [0m] Reached target Multi-User System.
[[0;32m  OK  [0m] Reached target Graphical Interface.
         Starting Update UTMP about System Runlevel Changes...
[[0;32m  OK  [0m] Started Update UTMP about System Runlevel Changes.
[   16.313333] cloud-init[1377]: Generating locales (this might take a while)...
         Stopping User Manager for UID 1000...
[[0;32m  OK  [0m] Stopped User Manager for UID 1000.
[[0;32m  OK  [0m] Removed slice User Slice of vagrant.
[   17.851338] cloud-init[1377]:   en_US.UTF-8... done
[   17.856310] cloud-init[1377]: Generation complete.
[[0;32m  OK  [0m] Created slice User Slice of vagrant.
         Starting User Manager for UID 1000...
[[0;32m  OK  [0m] Started Session 2 of user vagrant.
[[0;32m  OK  [0m] Started User Manager for UID 1000.
[   18.489584] cloud-init[1377]: Cloud-init v. 18.5-45-g3554ffe8-0ubuntu1~16.04.1 running 'modules:config' at Fri, 31 May 2019 10:15:23 +0000. Up 16.11 seconds.
ci-info: no authorized ssh keys fingerprints found for user ubuntu.
<14>May 31 10:15:26 ec2: 
<14>May 31 10:15:26 ec2: #############################################################
<14>May 31 10:15:26 ec2: -----BEGIN SSH HOST KEY FINGERPRINTS-----
<14>May 31 10:15:26 ec2: 1024 SHA256:rHAXGDhyqNFTWfzhVXTdShIycgVOP4V+dBoroKevzJk root@ubuntu-xenial (DSA)
<14>May 31 10:15:26 ec2: 256 SHA256:wkbI5BSr9aOD0P3a6WtGISEUhCbG3HFI9taDRwXT8pU root@ubuntu-xenial (ECDSA)
<14>May 31 10:15:26 ec2: 256 SHA256:rSpFseLzOTyUQ8LYhosY+78H8ENmsTcWc9AYkDUSOM8 root@ubuntu-xenial (ED25519)
<14>May 31 10:15:26 ec2: 2048 SHA256:uDTP+tSKVWWfTFyHEsiioAMHgGBC6dTE9kM/+RhKoZ0 root@ubuntu-xenial (RSA)
<14>May 31 10:15:26 ec2: -----END SSH HOST KEY FINGERPRINTS-----
<14>May 31 10:15:26 ec2: #############################################################
-----BEGIN SSH HOST KEY KEYS-----
ecdsa-sha2-nistp256 AAAAE2VjZHNhLXNoYTItbmlzdHAyNTYAAAAIbmlzdHAyNTYAAABBBKbiFVKrZwYKPmeHmESF3Vve8tNMo+ViMgBbCBJ9gisCvV7idysI++8dAEIn/v/w37PkKLmru8Va3Vp82t3isLY= root@ubuntu-xenial
ssh-ed25519 AAAAC3NzaC1lZDI1NTE5AAAAID+QsS3PgSu6UNzIUFM+Eg5tVJ70km4LO0PLgKFsBDqZ root@ubuntu-xenial
ssh-rsa AAAAB3NzaC1yc2EAAAADAQABAAABAQDGmNkUDbb3c34zwAnGNwQSQoVN27vHqXMve36zooPVzDgnV0hgBiF9Z/KsAFKHseroS0Sf7Krip1cV2yaBP/7sJr94F+9KIjpzkeImq20KFF1OW0BruYTNY+r9qodiuRAwKO4TRVfmS0RzzjzcSn+rUgjCvBlh+cX1NoAULicA0xT6zFapQpWoBbvp9348Uz07pTw6Hhlnk54XyW9Dl2x29kYBHnGGpxfXPg2mFAMvf4UrcD/NhkaWrat9FkS5hbK2EkdJjMexb+6elAWO1hF0DHLu1pkSfGSKSm0WKFslnzgy1PCMvRvni9Lxr1jOa1w27kRqERm+PgQRdEz41q+f root@ubuntu-xenial
-----END SSH HOST KEY KEYS-----
[   19.140988] cloud-init[1625]: Cloud-init v. 18.5-45-g3554ffe8-0ubuntu1~16.04.1 running 'modules:final' at Fri, 31 May 2019 10:15:26 +0000. Up 18.89 seconds.
[   19.141618] cloud-init[1625]: ci-info: no authorized ssh keys fingerprints found for user ubuntu.
[   19.141900] cloud-init[1625]: Cloud-init v. 18.5-45-g3554ffe8-0ubuntu1~16.04.1 finished at Fri, 31 May 2019 10:15:26 +0000. Datasource DataSourceNoCloud [seed=/dev/sdb][dsmode=net].  Up 19.12 seconds

Ubuntu 16.04.6 LTS ubuntu-xenial ttyS0

ubuntu-xenial login: 