[    0.000000] Initializing cgroup subsys cpuset
[    0.000000] Initializing cgroup subsys cpu
[    0.000000] Initializing cgroup subsys cpuacct
[    0.000000] Linux version 4.4.0-148-generic (buildd@lgw01-amd64-031) (gcc version 5.4.0 20160609 (Ubuntu 5.4.0-6ubuntu1~16.04.10) ) #174-Ubuntu SMP Tue May 7 12:20:14 UTC 2019 (Ubuntu 4.4.0-148.174-generic 4.4.177)
[    0.000000] Command line: BOOT_IMAGE=/boot/vmlinuz-4.4.0-148-generic root=LABEL=cloudimg-rootfs ro console=tty1 console=ttyS0
[    0.000000] KERNEL supported cpus:
[    0.000000]   Intel GenuineIntel
[    0.000000]   AMD AuthenticAMD
[    0.000000]   Centaur CentaurHauls
[    0.000000] x86/fpu: xstate_offset[2]:  576, xstate_sizes[2]:  256
[    0.000000] x86/fpu: Supporting XSAVE feature 0x01: 'x87 floating point registers'
[    0.000000] x86/fpu: Supporting XSAVE feature 0x02: 'SSE registers'
[    0.000000] x86/fpu: Supporting XSAVE feature 0x04: 'AVX registers'
[    0.000000] x86/fpu: Enabled xstate features 0x7, context size is 832 bytes, using 'standard' format.
[    0.000000] e820: BIOS-provided physical RAM map:
[    0.000000] BIOS-e820: [mem 0x0000000000000000-0x000000000009fbff] usable
[    0.000000] BIOS-e820: [mem 0x000000000009fc00-0x000000000009ffff] reserved
[    0.000000] BIOS-e820: [mem 0x00000000000f0000-0x00000000000fffff] reserved
[    0.000000] BIOS-e820: [mem 0x0000000000100000-0x000000003ffeffff] usable
[    0.000000] BIOS-e820: [mem 0x000000003fff0000-0x000000003fffffff] ACPI data
[    0.000000] BIOS-e820: [mem 0x00000000fec00000-0x00000000fec00fff] reserved
[    0.000000] BIOS-e820: [mem 0x00000000fee00000-0x00000000fee00fff] reserved
[    0.000000] BIOS-e820: [mem 0x00000000fffc0000-0x00000000ffffffff] reserved
[    0.000000] NX (Execute Disable) protection: active
[    0.000000] SMBIOS 2.5 present.
[    0.000000] Hypervisor detected: KVM
[    0.000000] e820: last_pfn = 0x3fff0 max_arch_pfn = 0x400000000
[    0.000000] MTRR: Disabled
[    0.000000] x86/PAT: MTRRs disabled, skipping PAT initialization too.
[    0.000000] CPU MTRRs all blank - virtualized system.
[    0.000000] x86/PAT: Configuration [0-7]: WB  WT  UC- UC  WB  WT  UC- UC  
[    0.000000] found SMP MP-table at [mem 0x0009fff0-0x0009ffff] mapped at [ffff88000009fff0]
[    0.000000] Scanning 1 areas for low memory corruption
[    0.000000] RAMDISK: [mem 0x362fa000-0x37174fff]
[    0.000000] ACPI: Early table checksum verification disabled
[    0.000000] ACPI: RSDP 0x00000000000E0000 000024 (v02 VBOX  )
[    0.000000] ACPI: XSDT 0x000000003FFF0030 00003C (v01 VBOX   VBOXXSDT 00000001 ASL  00000061)
[    0.000000] ACPI: FACP 0x000000003FFF00F0 0000F4 (v04 VBOX   VBOXFACP 00000001 ASL  00000061)
[    0.000000] ACPI: DSDT 0x000000003FFF0470 0022EA (v02 VBOX   VBOXBIOS 00000002 INTL 20100528)
[    0.000000] ACPI: FACS 0x000000003FFF0200 000040
[    0.000000] ACPI: FACS 0x000000003FFF0200 000040
[    0.000000] ACPI: APIC 0x000000003FFF0240 00005C (v02 VBOX   VBOXAPIC 00000001 ASL  00000061)
[    0.000000] ACPI: SSDT 0x000000003FFF02A0 0001CC (v01 VBOX   VBOXCPUT 00000002 INTL 20100528)
[    0.000000] No NUMA configuration found
[    0.000000] Faking a node at [mem 0x0000000000000000-0x000000003ffeffff]
[    0.000000] NODE_DATA(0) allocated [mem 0x3ffeb000-0x3ffeffff]
[    0.000000] kvm-clock: Using msrs 4b564d01 and 4b564d00
[    0.000000] kvm-clock: cpu 0, msr 0:3ffe3001, primary cpu clock
[    0.000000] kvm-clock: using sched offset of 6054959811 cycles
[    0.000000] clocksource: kvm-clock: mask: 0xffffffffffffffff max_cycles: 0x1cd42e4dffb, max_idle_ns: 881590591483 ns
[    0.000000] Zone ranges:
[    0.000000]   DMA      [mem 0x0000000000001000-0x0000000000ffffff]
[    0.000000]   DMA32    [mem 0x0000000001000000-0x000000003ffeffff]
[    0.000000]   Normal   empty
[    0.000000]   Device   empty
[    0.000000] Movable zone start for each node
[    0.000000] Early memory node ranges
[    0.000000]   node   0: [mem 0x0000000000001000-0x000000000009efff]
[    0.000000]   node   0: [mem 0x0000000000100000-0x000000003ffeffff]
[    0.000000] Initmem setup node 0 [mem 0x0000000000001000-0x000000003ffeffff]
[    0.000000] ACPI: PM-Timer IO Port: 0x4008
[    0.000000] IOAPIC[0]: apic_id 2, version 32, address 0xfec00000, GSI 0-23
[    0.000000] ACPI: INT_SRC_OVR (bus 0 bus_irq 0 global_irq 2 dfl dfl)
[    0.000000] ACPI: INT_SRC_OVR (bus 0 bus_irq 9 global_irq 9 low level)
[    0.000000] Using ACPI (MADT) for SMP configuration information
[    0.000000] smpboot: Allowing 2 CPUs, 0 hotplug CPUs
[    0.000000] PM: Registered nosave memory: [mem 0x00000000-0x00000fff]
[    0.000000] PM: Registered nosave memory: [mem 0x0009f000-0x0009ffff]
[    0.000000] PM: Registered nosave memory: [mem 0x000a0000-0x000effff]
[    0.000000] PM: Registered nosave memory: [mem 0x000f0000-0x000fffff]
[    0.000000] e820: [mem 0x40000000-0xfebfffff] available for PCI devices
[    0.000000] Booting paravirtualized kernel on KVM
[    0.000000] clocksource: refined-jiffies: mask: 0xffffffff max_cycles: 0xffffffff, max_idle_ns: 7645519600211568 ns
[    0.000000] setup_percpu: NR_CPUS:512 nr_cpumask_bits:512 nr_cpu_ids:2 nr_node_ids:1
[    0.000000] PERCPU: Embedded 34 pages/cpu @ffff88003fc00000 s99480 r8192 d31592 u1048576
[    0.000000] Built 1 zonelists in Node order, mobility grouping on.  Total pages: 257912
[    0.000000] Policy zone: DMA32
[    0.000000] Kernel command line: BOOT_IMAGE=/boot/vmlinuz-4.4.0-148-generic root=LABEL=cloudimg-rootfs ro console=tty1 console=ttyS0
[    0.000000] PID hash table entries: 4096 (order: 3, 32768 bytes)
[    0.000000] Memory: 997732K/1048120K available (8609K kernel code, 1334K rwdata, 4028K rodata, 1484K init, 1284K bss, 50388K reserved, 0K cma-reserved)
[    0.000000] SLUB: HWalign=64, Order=0-3, MinObjects=0, CPUs=2, Nodes=1
[    0.000000] Kernel/User page tables isolation: enabled
[    0.000000] Hierarchical RCU implementation.
[    0.000000] 	Build-time adjustment of leaf fanout to 64.
[    0.000000] 	RCU restricting CPUs from NR_CPUS=512 to nr_cpu_ids=2.
[    0.000000] RCU: Adjusting geometry for rcu_fanout_leaf=64, nr_cpu_ids=2
[    0.000000] NR_IRQS:33024 nr_irqs:440 16
[    0.000000] Console: colour VGA+ 80x25
[    0.000000] console [tty1] enabled
[    0.000000] console [ttyS0] enabled
[    0.000000] tsc: Detected 1600.000 MHz processor
[    0.605621] Calibrating delay loop (skipped) preset value.. 3200.00 BogoMIPS (lpj=6400000)
[    0.611689] pid_max: default: 32768 minimum: 301
[    0.614319] ACPI: Core revision 20150930
[    0.619104] ACPI: 2 ACPI AML tables successfully acquired and loaded
[    0.623174] Security Framework initialized
[    0.626027] Yama: becoming mindful.
[    0.629079] AppArmor: AppArmor initialized
[    0.632385] Dentry cache hash table entries: 131072 (order: 8, 1048576 bytes)
[    0.638302] Inode-cache hash table entries: 65536 (order: 7, 524288 bytes)
[    0.642074] Mount-cache hash table entries: 2048 (order: 2, 16384 bytes)
[    0.645650] Mountpoint-cache hash table entries: 2048 (order: 2, 16384 bytes)
[    0.651769] Initializing cgroup subsys io
[    0.654008] Initializing cgroup subsys memory
[    0.657259] Initializing cgroup subsys devices
[    0.660984] Initializing cgroup subsys freezer
[    0.663651] Initializing cgroup subsys net_cls
[    0.666826] Initializing cgroup subsys perf_event
[    0.669933] Initializing cgroup subsys net_prio
[    0.672501] Initializing cgroup subsys hugetlb
[    0.674920] Initializing cgroup subsys pids
[    0.679552] mce: CPU supports 0 MCE banks
[    0.682757] Last level iTLB entries: 4KB 64, 2MB 8, 4MB 8
[    0.685572] Last level dTLB entries: 4KB 64, 2MB 0, 4MB 0, 1GB 4
[    0.688811] Spectre V2 : Mitigation: Full generic retpoline
[    0.692356] Spectre V2 : Spectre v2 / SpectreRSB mitigation: Filling RSB on context switch
[    0.697178] Speculative Store Bypass: Vulnerable
[    0.699680] MDS: Vulnerable: Clear CPU buffers attempted, no microcode
[    0.706882] Freeing SMP alternatives memory: 36K
[    0.716182] ftrace: allocating 32293 entries in 127 pages
[    0.788801] smpboot: APIC(0) Converting physical 0 to logical package 0
[    0.796290] smpboot: Max logical packages: 1
[    0.802558] x2apic enabled
[    0.806915] Switched APIC routing to physical x2apic.
[    0.817194] ..TIMER: vector=0x30 apic1=0 pin1=2 apic2=-1 pin2=-1
[    0.931278] APIC calibration not consistent with PM-Timer: 98ms instead of 100ms
[    0.940256] APIC delta adjusted to PM-Timer: 6243404 (6179271)
[    0.947303] smpboot: CPU0: Intel(R) Core(TM) i5-5250U CPU @ 1.60GHz (family: 0x6, model: 0x3d, stepping: 0x4)
[    0.960144] Performance Events: unsupported p6 CPU model 61 no PMU driver, software events only.
[    0.982913] KVM setup paravirtual spinlock
[    0.989121] x86: Booting SMP configuration:
[    0.993553] .... node  #0, CPUs:      #1
[    0.998754] kvm-clock: cpu 1, msr 0:3ffe3041, secondary cpu clock
[    1.002755] mce: CPU supports 0 MCE banks
[    1.006767] x86: Booted up 1 node, 2 CPUs
[    1.011603] smpboot: Total of 2 processors activated (6400.00 BogoMIPS)
[    1.015312] devtmpfs: initialized
[    1.018496] evm: security.selinux
[    1.020641] evm: security.SMACK64
[    1.022531] evm: security.SMACK64EXEC
[    1.025234] evm: security.SMACK64TRANSMUTE
[    1.027660] evm: security.SMACK64MMAP
[    1.029646] evm: security.ima
[    1.031479] evm: security.capability
[    1.033980] clocksource: jiffies: mask: 0xffffffff max_cycles: 0xffffffff, max_idle_ns: 7645041785100000 ns
[    1.039256] futex hash table entries: 512 (order: 3, 32768 bytes)
[    1.042820] pinctrl core: initialized pinctrl subsystem
[    1.045857] RTC time:  8:53:20, date: 06/05/19
[    1.048635] NET: Registered protocol family 16
[    1.063722] cpuidle: using governor ladder
[    1.076479] cpuidle: using governor menu
[    1.079282] PCCT header not found.
[    1.081287] ACPI: bus type PCI registered
[    1.083608] acpiphp: ACPI Hot Plug PCI Controller Driver version: 0.5
[    1.087199] PCI: Using configuration type 1 for base access
[    1.101604] ACPI: Added _OSI(Module Device)
[    1.105227] ACPI: Added _OSI(Processor Device)
[    1.108140] ACPI: Added _OSI(3.0 _SCP Extensions)
[    1.110811] ACPI: Added _OSI(Processor Aggregator Device)
[    1.114779] ACPI: Executed 1 blocks of module-level executable AML code
[    1.121098] ACPI: Interpreter enabled
[    1.123274] ACPI: (supports S0 S5)
[    1.125323] ACPI: Using IOAPIC for interrupt routing
[    1.128484] PCI: Using host bridge windows from ACPI; if necessary, use "pci=nocrs" and report a bug
[    1.139398] ACPI: PCI Root Bridge [PCI0] (domain 0000 [bus 00-ff])
[    1.142648] acpi PNP0A03:00: _OSC: OS supports [ASPM ClockPM Segments MSI]
[    1.146783] acpi PNP0A03:00: _OSC: not requesting OS control; OS requires [ExtendedConfig ASPM ClockPM MSI]
[    1.154294] acpi PNP0A03:00: fail to add MMCONFIG information, can't access extended PCI configuration space under this bridge.
[    1.161150] PCI host bridge to bus 0000:00
[    1.163361] pci_bus 0000:00: root bus resource [io  0x0000-0x0cf7 window]
[    1.167390] pci_bus 0000:00: root bus resource [io  0x0d00-0xffff window]
[    1.171232] pci_bus 0000:00: root bus resource [mem 0x000a0000-0x000bffff window]
[    1.176501] pci_bus 0000:00: root bus resource [mem 0x40000000-0xfdffffff window]
[    1.180261] pci_bus 0000:00: root bus resource [bus 00-ff]
[    1.188840] pci 0000:00:01.1: legacy IDE quirk: reg 0x10: [io  0x01f0-0x01f7]
[    1.192506] pci 0000:00:01.1: legacy IDE quirk: reg 0x14: [io  0x03f6]
[    1.196012] pci 0000:00:01.1: legacy IDE quirk: reg 0x18: [io  0x0170-0x0177]
[    1.210800] pci 0000:00:01.1: legacy IDE quirk: reg 0x1c: [io  0x0376]
[    1.240858] pci 0000:00:07.0: quirk: [io  0x4000-0x403f] claimed by PIIX4 ACPI
[    1.245511] pci 0000:00:07.0: quirk: [io  0x4100-0x410f] claimed by PIIX4 SMB
[    1.269460] ACPI: PCI Interrupt Link [LNKA] (IRQs 5 9 10 *11)
[    1.273853] ACPI: PCI Interrupt Link [LNKB] (IRQs 5 9 *10 11)
[    1.278629] ACPI: PCI Interrupt Link [LNKC] (IRQs 5 *9 10 11)
[    1.283670] ACPI: PCI Interrupt Link [LNKD] (IRQs 5 9 10 *11)
[    1.288787] ACPI: Enabled 2 GPEs in block 00 to 07
[    1.294432] vgaarb: setting as boot device: PCI:0000:00:02.0
[    1.298579] vgaarb: device added: PCI:0000:00:02.0,decodes=io+mem,owns=io+mem,locks=none
[    1.307396] vgaarb: loaded
[    1.311282] vgaarb: bridge control possible 0000:00:02.0
[    1.318558] SCSI subsystem initialized
[    1.323502] ACPI: bus type USB registered
[    1.328256] usbcore: registered new interface driver usbfs
[    1.335127] usbcore: registered new interface driver hub
[    1.341279] usbcore: registered new device driver usb
[    1.347470] PCI: Using ACPI for IRQ routing
[    1.353630] NetLabel: Initializing
[    1.358463] NetLabel:  domain hash size = 128
[    1.363906] NetLabel:  protocols = UNLABELED CIPSOv4
[    1.374697] NetLabel:  unlabeled traffic allowed by default
[    1.382054] amd_nb: Cannot enumerate AMD northbridges
[    1.392444] clocksource: Switched to clocksource kvm-clock
[    1.454086] AppArmor: AppArmor Filesystem Enabled
[    1.461510] pnp: PnP ACPI init
[    1.471764] pnp: PnP ACPI: found 3 devices
[    1.489880] clocksource: acpi_pm: mask: 0xffffff max_cycles: 0xffffff, max_idle_ns: 2085701024 ns
[    1.499962] NET: Registered protocol family 2
[    1.505463] TCP established hash table entries: 8192 (order: 4, 65536 bytes)
[    1.515042] TCP bind hash table entries: 8192 (order: 5, 131072 bytes)
[    1.524229] TCP: Hash tables configured (established 8192 bind 8192)
[    1.530301] UDP hash table entries: 512 (order: 2, 16384 bytes)
[    1.535185] UDP-Lite hash table entries: 512 (order: 2, 16384 bytes)
[    1.539160] NET: Registered protocol family 1
[    1.542091] pci 0000:00:00.0: Limiting direct PCI/PCI transfers
[    1.546346] pci 0000:00:01.0: Activating ISA DMA hang workarounds
[    1.554033] Unpacking initramfs...
[    1.849604] Freeing initrd memory: 14828K
[    1.852069] RAPL PMU detected, API unit is 2^-32 Joules, 4 fixed counters 10737418240 ms ovfl timer
[    1.857055] hw unit of domain pp0-core 2^-0 Joules
[    1.859606] hw unit of domain package 2^-0 Joules
[    1.862437] hw unit of domain dram 2^-0 Joules
[    1.864952] hw unit of domain pp1-gpu 2^-0 Joules
[    1.867384] clocksource: tsc: mask: 0xffffffffffffffff max_cycles: 0x171024fa93b, max_idle_ns: 440795253189 ns
[    1.873317] platform rtc_cmos: registered platform RTC device (no PNP device found)
[    1.877499] Scanning for low memory corruption every 60 seconds
[    1.881170] audit: initializing netlink subsys (disabled)
[    1.883791] audit: type=2000 audit(1559724807.846:1): initialized
[    1.887556] Initialise system trusted keyring
[    1.890399] HugeTLB registered 2 MB page size, pre-allocated 0 pages
[    1.895355] zbud: loaded
[    1.897683] VFS: Disk quotas dquot_6.6.0
[    1.899929] VFS: Dquot-cache hash table entries: 512 (order 0, 4096 bytes)
[    1.903862] squashfs: version 4.0 (2009/01/31) Phillip Lougher
[    1.908840] fuse init (API version 7.23)
[    1.910861] Key type big_key registered
[    1.912742] Allocating IMA MOK and blacklist keyrings.
[    1.919242] Key type asymmetric registered
[    1.921793] Asymmetric key parser 'x509' registered
[    1.924317] Block layer SCSI generic (bsg) driver version 0.4 loaded (major 249)
[    1.935123] io scheduler noop registered
[    1.938383] io scheduler deadline registered (default)
[    1.942667] io scheduler cfq registered
[    1.944988] pci_hotplug: PCI Hot Plug PCI Core version: 0.5
[    1.948184] pciehp: PCI Express Hot Plug Controller Driver version: 0.4
[    1.952579] ACPI: AC Adapter [AC] (off-line)
[    1.954823] input: Power Button as /devices/LNXSYSTM:00/LNXPWRBN:00/input/input0
[    1.959418] ACPI: Power Button [PWRF]
[    1.961710] input: Sleep Button as /devices/LNXSYSTM:00/LNXSLPBN:00/input/input1
[    1.966878] ACPI: Sleep Button [SLPF]
[    1.971032] ACPI: Battery Slot [BAT0] (battery present)
[    1.975271] GHES: HEST is not enabled!
[    1.977555] Serial: 8250/16550 driver, 32 ports, IRQ sharing enabled
[    2.002117] 00:02: tyS0 at I/O 0x3f8 (irq = 4, ase_baud = 115200) isa 16550A
    2.010695] Linux agpgartinterface v0.103
[    2.015893] loop: module loaded
[    2.018885] scsi host0: ata_piix
[    2.021134] scsi host1: ata_piix
[    2.023076] ata1: PATA max UDMA/33 cmd 0x1f0 ctl 0x3f6 bmdma 0xd000 irq 14
[    2.027213] ata2: PATA max UDMA/33 cmd 0x170 ctl 0x376 bmdma 0xd008 irq 15
[    2.031313] libphy: Fixed MDIO Bus: probed
[    2.033987] tun: Universal TUN/TAP device driver, 1.6
[    2.036981] tun: (C) 1999-2004 Max Krasnyansky <maxk@qualcomm.com>
[    2.040319] PPP generic driver version 2.4.2
[    2.042881] ehci_hcd: USB 2.0 'Enhanced' Host Controller (EHCI) Driver
[    2.046567] ehci-pci: EHCI PCI platform driver
[    2.048738] ehci-platform: EHCI generic platform driver
[    2.051667] ohci_hcd: USB 1.1 'Open' Host Controller (OHCI) Driver
[    2.055178] ohci-pci: OHCI PCI platform driver
[    2.058066] ohci-platform: OHCI generic platform driver
[    2.061001] uhci_hcd: USB Universal Host Controller Interface driver
[    2.064421] i8042: PNP: PS/2 Controller [PNP0303:PS2K,PNP0f03:PS2M] at 0x60,0x64 irq 1,12
[    2.069909] serio: i8042 KBD port at 0x60,0x64 irq 1
[    2.072605] serio: i8042 AUX port at 0x60,0x64 irq 12
[    2.075407] mousedev: PS/2 mouse device common for all mice
[    2.079440] rtc_cmos rtc_cmos: rtc core: registered rtc_cmos as rtc0
[    2.083233] rtc_cmos rtc_cmos: alarms up to one day, 114 bytes nvram
[    2.087768] i2c /dev entries driver
[    2.089995] input: AT Translated Set 2 keyboard as /devices/platform/i8042/serio0/input/input2
[    2.097227] device-mapper: uevent: version 1.0.3
[    2.105062] device-mapper: ioctl: 4.34.0-ioctl (2015-10-28) initialised: dm-devel@redhat.com
[    2.116822] ledtrig-cpu: registered to indicate activity on CPUs
[    2.125722] NET: Registered protocol family 10
[    2.131372] NET: Registered protocol family 17
[    2.136942] Key type dns_resolver registered
[    2.141243] registered taskstats version 1
[    2.143500] Loading compiled-in X.509 certificates
[    2.146887] Loaded X.509 cert 'Build time autogenerated kernel key: 5103689f9da3e841c6100f8bb032b132cf76e38d'
[    2.152609] zswap: loaded using pool lzo/zbud
[    2.157739] Key type trusted registered
[    2.164025] Key type encrypted registered
[    2.166872] AppArmor: AppArmor sha1 policy hashing enabled
[    2.169911] ima: No TPM chip found, activating TPM-bypass!
[    2.177059] ima: Allocated hash algorithm: sha1
[    2.179701] evm: HMAC attrs: 0x1
[    2.183157]   Magic number: 7:560:876
[    2.185622] rtc_cmos rtc_cmos: setting system clock to 2019-06-05 08:53:21 UTC (1559724801)
[    2.190819] BIOS EDD facility v0.16 2004-Jun-25, 0 devices found
[    2.194027] EDD information not available.
[    2.197895] Freeing unused kernel memory: 1484K
[    2.216027] Write protecting the kernel read-only data: 14336k
[    2.220622] Freeing unused kernel memory: 1620K
[    2.223539] Freeing unused kernel memory: 68K
Loading, please wait...
starting version 229
[    2.250492] random: systemd-udevd: uninitialized urandom read (16 bytes read, 5 bits of entropy available)
[    2.252332] random: udevadm: uninitialized urandom read (16 bytes read, 5 bits of entropy available)
[    2.252367] random: udevadm: uninitialized urandom read (16 bytes read, 5 bits of entropy available)
[    2.271410] random: systemd-udevd: uninitialized urandom read (16 bytes read, 5 bits of entropy available)
[    2.277528] random: udevadm: uninitialized urandom read (16 bytes read, 5 bits of entropy available)
[    2.277646] random: udevadm: uninitialized urandom read (16 bytes read, 5 bits of entropy available)
[    2.277898] random: udevadm: uninitialized urandom read (16 bytes read, 5 bits of entropy available)
[    2.277955] random: udevadm: uninitialized urandom read (16 bytes read, 5 bits of entropy available)
[    2.278007] random: udevadm: uninitialized urandom read (16 bytes read, 5 bits of entropy available)
[    2.278060] random: udevadm: uninitialized urandom read (16 bytes read, 5 bits of entropy available)
[    2.353927] e1000: Intel(R) PRO/1000 Network Driver - version 7.3.21-k8-NAPI
[    2.359060] e1000: Copyright (c) 1999-2006 Intel Corporation.
[    2.363205] Fusion MPT base driver 3.04.20
[    2.370734] Copyright (c) 1999-2008 LSI Corporation
[    2.391449] Fusion MPT SPI Host driver 3.04.20
[    2.422541] AVX2 version of gcm_enc/dec engaged.
[    2.425737] AES CTR mode by8 optimization enabled
[    2.592903] input: ImExPS/2 Generic Explorer Mouse as /devices/platform/i8042/serio1/input/input4
[    2.921237] e1000 0000:00:03.0 eth0: (PCI:33MHz:32-bit) 02:5b:c0:ee:75:0a
[    2.925207] e1000 0000:00:03.0 eth0: Intel(R) PRO/1000 Network Connection
[    3.401212] e1000 0000:00:08.0 eth1: (PCI:33MHz:32-bit) 08:00:27:b0:38:be
[    3.404780] e1000 0000:00:08.0 eth1: Intel(R) PRO/1000 Network Connection
[    3.410867] e1000 0000:00:03.0 enp0s3: renamed from eth0
[    3.414649] mptbase: ioc0: Initiating bringup
[    3.429341] e1000 0000:00:08.0 enp0s8: renamed from eth1
[    3.481267] ioc0: LSI53C1030 A0: Capabilities={Initiator}
[    3.650052] scsi host2: ioc0: LSI53C1030 A0, FwRev=00000000h, Ports=1, MaxQ=256, IRQ=20
[    3.765756] scsi 2:0:0:0: Direct-Access     VBOX     HARDDISK         1.0  PQ: 0 ANSI: 5
[    3.804659] scsi target2:0:0: Beginning Domain Validation
[    3.818921] scsi target2:0:0: Domain Validation skipping write tests
[    3.828785] scsi target2:0:0: Ending Domain Validation
[    3.836049] scsi target2:0:0: asynchronous
[    3.845537] scsi 2:0:1:0: Direct-Access     VBOX     HARDDISK         1.0  PQ: 0 ANSI: 5
[    3.857120] scsi target2:0:1: Beginning Domain Validation
[    3.865894] scsi target2:0:1: Domain Validation skipping write tests
[    3.876222] scsi target2:0:1: Ending Domain Validation
[    3.881022] scsi target2:0:1: asynchronous
[    3.895343] sd 2:0:0:0: [sda] 20971520 512-byte logical blocks: (10.7 GB/10.0 GiB)
[    3.900458] sd 2:0:0:0: Attached scsi generic sg0 type 0
[    3.904780] sd 2:0:0:0: [sda] Write Protect is off
[    3.908399] sd 2:0:0:0: [sda] Incomplete mode parameter data
[    3.912388] sd 2:0:0:0: [sda] Assuming drive cache: write through
[    3.917947] sd 2:0:1:0: Attached scsi generic sg1 type 0
[    3.918090] sd 2:0:1:0: [sdb] 20480 512-byte logical blocks: (10.5 MB/10.0 MiB)
[    3.919161] sd 2:0:1:0: [sdb] Write Protect is off
[    3.919634] sd 2:0:1:0: [sdb] Incomplete mode parameter data
[    3.919636] sd 2:0:1:0: [sdb] Assuming drive cache: write through
[    3.944082] sd 2:0:1:0: [sdb] Attached SCSI disk
[    3.946282]  sda: sda1
[    3.950784] sd 2:0:0:0: [sda] Attached SCSI disk
Begin: Loading essential drivers ... [    5.417204] md: linear personality registered for level -1
[    5.423756] md: multipath personality registered for level -4
[    5.432169] md: raid0 personality registered for level 0
[    5.442677] md: raid1 personality registered for level 1
[    5.516666] raid6: sse2x1   gen()  8227 MB/s
[    5.584542] raid6: sse2x1   xor()  6101 MB/s
[    5.656698] raid6: sse2x2   gen()  9545 MB/s
[    5.724472] raid6: sse2x2   xor()  6593 MB/s
[    5.808537] raid6: sse2x4   gen() 11367 MB/s
[    5.888595] raid6: sse2x4   xor()  6837 MB/s
[    5.956525] raid6: avx2x1   gen() 12655 MB/s
[    6.024797] raid6: avx2x2   gen() 14487 MB/s
[    6.096577] raid6: avx2x4   gen() 14175 MB/s
[    6.103196] raid6: using algorithm avx2x2 gen() 14487 MB/s
[    6.110172] raid6: using avx2x2 recovery algorithm
[    6.121060] xor: automatically using best checksumming function:
[    6.168615]    avx       :  8936.000 MB/sec
[    6.181584] async_tx: api initialized (async)
[    6.229110] md: raid6 personality registered for level 6
[    6.250052] md: raid5 personality registered for level 5
[    6.265326] md: raid4 personality registered for level 4
[    6.296854] md: raid10 personality registered for level 10
done.
Begin: Running /scripts/init-premount ... done.
Begin: Mounting root file system ... Begin: Running /scripts/local-top ... done.
Begin: Running /scripts/local-premount ... [    6.389292] Btrfs loaded
Scanning for Btrfs filesystems
done.
Warning: fsck not present, so skipping root file system
[    6.455328] EXT4-fs (sda1): mounted filesystem with ordered data mode. Opts: (null)
done.
Begin: Running /scripts/local-bottom ... done.
Begin: Running /scripts/init-bottom ... done.
[    6.683268] systemd[1]: systemd 229 running in system mode. (+PAM +AUDIT +SELINUX +IMA +APPARMOR +SMACK +SYSVINIT +UTMP +LIBCRYPTSETUP +GCRYPT +GNUTLS +ACL +XZ -LZ4 +SECCOMP +BLKID +ELFUTILS +KMOD -IDN)
[    6.697766] systemd[1]: Detected virtualization oracle.
[    6.709789] systemd[1]: Detected architecture x86-64.

Welcome to [1mUbuntu 16.04.6 LTS[0m!

[    6.730740] systemd[1]: Set hostname to <ubuntu>.
[    6.738263] systemd[1]: Initializing machine ID from random generator.
[    6.743384] systemd[1]: Installed transient /etc/machine-id file.
[    7.146511] systemd[1]: Listening on LVM2 metadata daemon socket.
[[0;32m  OK  [0m] Listening on LVM2 metadata daemon socket.
[    7.156525] systemd[1]: Listening on Journal Audit Socket.
[[0;32m  OK  [0m] Listening on Journal Audit Socket.
[    7.163100] systemd[1]: Listening on LVM2 poll daemon socket.
[[0;32m  OK  [0m] Listening on LVM2 poll daemon socket.
[    7.171755] systemd[1]: Listening on Journal Socket (/dev/log).
[[0;32m  OK  [0m] Listening on Journal Socket (/dev/log).
[    7.185751] systemd[1]: Started Trigger resolvconf update for networkd DNS.
[[0;32m  OK  [0m] Started Trigger resolvconf update for networkd DNS.
[    7.195495] systemd[1]: Reached target User and Group Name Lookups.
[[0;32m  OK  [0m] Reached target User and Group Name Lookups.
[    7.202592] systemd[1]: Created slice User and Session Slice.
[[0;32m  OK  [0m] Created slice User and Session Slice.
[    7.209914] systemd[1]: Listening on Device-mapper event daemon FIFOs.
[[0;32m  OK  [0m] Listening on Device-mapper event daemon FIFOs.
[    7.217138] systemd[1]: Set up automount Arbitrary Executable File Formats File System Automount Point.
[[0;32m  OK  [0m] Set up automount Arbitrary Executab...ats File System Automount Point.
[    7.226494] systemd[1]: Reached target System Time Synchronized.
[[0;32m  OK  [0m] Reached target System Time Synchronized.
[    7.234137] systemd[1]: Reached target Encrypted Volumes.
[[0;32m  OK  [0m] Reached target Encrypted Volumes.
[    7.241746] systemd[1]: Created slice System Slice.
[[0;32m  OK  [0m] Created slice System Slice.
[    7.247448] systemd[1]: Reached target Slices.
[[0;32m  OK  [0m] Reached target Slices.
[    7.253066] systemd[1]: Created slice system-serial\x2dgetty.slice.
[[0;32m  OK  [0m] Created slice system-serial\x2dgetty.slice.
[    7.265745] systemd[1]: Listening on udev Control Socket.
[[0;32m  OK  [0m] Listening on udev Control Socket.
[    7.273544] systemd[1]: Listening on Journal Socket.
[[0;32m  OK  [0m] Listening on Journal Socket.
[    7.305186] systemd[1]: Starting Load Kernel Modules...
         Starting Load Kernel Modules...
[    7.313681] systemd[1]: Starting Remount Root and Kernel File Systems...
         Starting Remount Root and Kernel File Systems...
[    7.324172] systemd[1]: Starting Uncomplicated firewall...
         Starting Uncomplicated firewall...
[    7.334613] systemd[1]: Starting Nameserver information manager...
[    7.340277] EXT4-fs (sda1): re-mounted. Opts: (null)
         Starting Nameserver information manager...
[    7.349014] systemd[1]: Starting Create list of required static device nodes for the current kernel...
         Starting Create list of required st... nodes for the current kernel...
[    7.361911] systemd[1]: Mounting POSIX Message Queue File System...
[    7.369421] Loading iSCSI transport class v2.0-870.
         Mounting POSIX Message Queue File System...
[    7.383734] systemd[1]: Mounting Debug File System...
         Mounting Debug File System...
[    7.401396] systemd[1]: Started Forward Password Requests to Wall Directory Watch.
[[0;32m  OK  [0m] Started Forward Password Requests to Wall Directory Watch.
[    7.457449] systemd[1]: Listening on udev Kernel Socket.
[[0;32m  OK  [0m] Listening on udev Kernel Socket.
[    7.491931] iscsi: registered transport (tcp)
[    7.528917] systemd[1]: Starting Monitoring of LVM2 mirrors, snapshots etc. using dmeventd or progress polling...
         Starting Monitoring of LVM2 mirrors... dmeventd or progress polling...
[    7.550071] systemd[1]: Listening on Syslog Socket.
[[0;32m  OK  [0m] Listening on Syslog Socket.
[    7.559078] random: nonblocking pool is initialized
[    7.572269] systemd[1]: Starting Journal Service...
         Starting Journal Service...
[    7.595179] systemd[1]: Starting Set console keymap...
         Starting Set console keymap...
[    7.621690] systemd[1]: Listening on /dev/initctl Compatibility Named Pipe.
[[0;32m  OK  [0m] Listening on /dev/initctl Compatibility Named Pipe.
[    7.641425] systemd[1]: Reached target Swap.
[[0;32m  OK  [0m] Reached target Swap.
[    7.680833] systemd[1]: Mounting Huge Pages File System...
         Mounting Huge Pages File System...
[    7.761747] systemd[1]: Mounted POSIX Message Queue File System.
[    7.767754] iscsi: registered transport (iser)
[[0;32m  OK  [0m] Mounted POSIX Message Queue File System.
[    7.797191] systemd[1]: Mounted Huge Pages File System.
[[0;32m  OK  [0m] Mounted Huge Pages File System.
[    7.807243] systemd[1]: Mounted Debug File System.
[[0;32m  OK  [0m] Mounted Debug File System.
[    7.826900] systemd[1]: Started Journal Service.
[[0;32m  OK  [0m] Started Journal Service.
[[0;32m  OK  [0m] Started Load Kernel Modules.
[[0;32m  OK  [0m] Started Remount Root and Kernel File Systems.
[[0;32m  OK  [0m] Started Uncomplicated firewall.
[[0;32m  OK  [0m] Started Create list of required sta...ce nodes for the current kernel.
[[0;32m  OK  [0m] Started Set console keymap.
[[0;32m  OK  [0m] Started Nameserver information manager.
[[0;32m  OK  [0m] Started LVM2 metadata daemon.
         Starting Create Static Device Nodes in /dev...
         Starting Load/Save Random Seed...
         Starting udev Coldplug all Devices...
         Starting Apply Kernel Variables...
         Mounting FUSE Control File System...
         Starting Flush Journal to Persistent Storage...
[[0;32m  OK  [0m] Mounted FUSE Control File System.
[[0;32m  OK  [0m] Started Create Static Device Nodes in /dev.
[[0;32m  OK  [0m] Started Load/Save Random Seed.
[[0;32m  OK  [0m] Started Monitoring of LVM2 mirrors,...ng dmeventd or progress polling.
[[0;32m  OK  [0m] Started Apply Kernel Variables.
[[0;32m  OK  [0m] Started udev Coldplug all Devices.
[[0;32m  OK  [0m] Started Flush Journal to Persistent Storage.
[[0;32m  OK  [0m] Reached target Local File Systems (Pre).
[[0;32m  OK  [0m] Reached target Local File Systems.
         Starting Initial cloud-init job (pre-networking)...
         Starting Set console font and keymap...
         Starting LSB: AppArmor initialization...
         Starting Tell Plymouth To Write Out Runtime Data...
         Starting Create Volatile Files and Directories...
         Starting Commit a transient machine-id on disk...
         Starting udev Kernel Device Manager...
[[0;32m  OK  [0m] Started Tell Plymouth To Write Out Runtime Data.
[[0;32m  OK  [0m] Started Create Volatile Files and Directories.
[[0;32m  OK  [0m] Started Commit a transient machine-id on disk.
         Starting Update UTMP about System Boot/Shutdown...
[[0;32m  OK  [0m] Started Update UTMP about System Boot/Shutdown.
[[0;32m  OK  [0m] Started udev Kernel Device Manager.
[[0;32m  OK  [0m] Started Dispatch Password Requests to Console Directory Watch.
[[0;32m  OK  [0m] Found device /dev/ttyS0.
[[0;32m  OK  [0m] Listening on Load/Save RF Kill Switch Status /dev/rfkill Watch.
[[0;32m  OK  [0m] Started LSB: AppArmor initialization.
[   11.097231] cloud-init[467]: Cloud-init v. 18.5-45-g3554ffe8-0ubuntu1~16.04.1 running 'init-local' at Wed, 05 Jun 2019 08:53:30 +0000. Up 10.58 seconds.
[[0;32m  OK  [0m] Started Initial cloud-init job (pre-networking).
[[0;32m  OK  [0m] Started Set console font and keymap.
[[0;32m  OK  [0m] Created slice system-getty.slice.
[[0;32m  OK  [0m] Reached target Network (Pre).
         Starting Raise network interfaces...
[[0;32m  OK  [0m] Started Raise network interfaces.
[[0;32m  OK  [0m] Reached target Network.
         Starting Initial cloud-init job (metadata service crawler)...
[   13.308977] cloud-init[958]: Cloud-init v. 18.5-45-g3554ffe8-0ubuntu1~16.04.1 running 'init' at Wed, 05 Jun 2019 08:53:32 +0000. Up 12.42 seconds.
[   13.316380] cloud-init[958]: ci-info: ++++++++++++++++++++++++++++++++++++++Net device info+++++++++++++++++++++++++++++++++++++++
[   13.322754] cloud-init[958]: ci-info: +--------+-------+----------------------------+---------------+--------+-------------------+
[   13.329844] cloud-init[958]: ci-info: | Device |   Up  |          Address           |      Mask     | Scope  |     Hw-Address    |
[   13.345525] cloud-init[958]: ci-info: +--------+-------+----------------------------+---------------+--------+-------------------+
[   13.350719] cloud-init[958]: ci-info: | enp0s3 |  True |         10.0.2.15          | 255.255.255.0 | global | 02:5b:c0:ee:75:0a |
[   13.361252] cloud-init[958]: ci-info: | enp0s3 |  True | fe80::5b:c0ff:feee:750a/64 |       .       |  link  | 02:5b:c0:ee:75:0a |
[   13.372971] cloud-init[958]: ci-info: | enp0s8 | False |             .              |       .       |   .    | 08:00:27:b0:38:be |
[   13.384936] cloud-init[958]: ci-info: |   lo   |  True |         127.0.0.1          |   255.0.0.0   |  host  |         .         |
[   13.390950] cloud-init[958]: ci-info: |   lo   |  True |          ::1/128           |       .       |  host  |         .         |
[   13.396593] cloud-init[958]: ci-info: +--------+-------+----------------------------+---------------+--------+-------------------+
[   13.402693] cloud-init[958]: ci-info: +++++++++++++++++++++++++++Route IPv4 info++++++++++++++++++++++++++++
[   13.407992] cloud-init[958]: ci-info: +-------+-------------+----------+---------------+-----------+-------+
[   13.417212] cloud-init[958]: ci-info: | Route | Destination | Gateway  |    Genmask    | Interface | Flags |
[   13.422298] cloud-init[958]: ci-info: +-------+-------------+----------+---------------+-----------+-------+
[   13.427060] cloud-init[958]: ci-info: |   0   |   0.0.0.0   | 10.0.2.2 |    0.0.0.0    |   enp0s3  |   UG  |
[   13.432091] cloud-init[958]: ci-info: |   1   |   10.0.2.0  | 0.0.0.0  | 255.255.255.0 |   enp0s3  |   U   |
[   13.436547] cloud-init[958]: ci-info: +-------+-------------+----------+---------------+-----------+-------+
[   13.441717] cloud-init[958]: ci-info: +++++++++++++++++++Route IPv6 info+++++++++++++++++++
[   13.447184] cloud-init[958]: ci-info: +-------+-------------+---------+-----------+-------+
[   13.451094] cloud-init[958]: ci-info: | Route | Destination | Gateway | Interface | Flags |
[   13.464860] cloud-init[958]: ci-info: +-------+-------------+---------+-----------+-------+
[   13.471068] cloud-init[958]: ci-info: |   0   |  fe80::/64  |    ::   |   enp0s3  |   U   |
[   13.484799] cloud-init[958]: ci-info: |   3   |   ff00::/8  |    ::   |   enp0s3  |   U   |
[   13.485347] cloud-init[958]: ci-info: +-------+-------------+---------+-----------+-------+
[[0;32m  OK  [0m] Started Initial cloud-init job (metadata service crawler).
[[0;32m  OK  [0m] Reached target Cloud-config availability.
[[0;32m  OK  [0m] Reached target Network is Online.
[   13.485904] cloud-init[958]: Generating public/private rsa key pair.
[   13.542002] cloud-init[958]: Your identification has been saved in /etc/ssh/ssh_host_rsa_key.
         Starting iSCSI initiator daemon (iscsid)...
[[0;32m  OK  [0m] Reached target System Initialization.
[   13.556120] cloud-init[958]: Your public key has been saved in /etc/ssh/ssh_host_rsa_key.pub.
[[0;32m  OK  [0m] Started Daily Cleanup of Temporary Directories.
[   13.582700] cloud-init[958]: The key fingerprint is:
[   13.742624] cloud-init[958]: SHA256:FCN9g/622EDZ2J2vxDWuMj0tK4gj4WRl0I3AjXZT0VI root@ubuntu-xenial
[   13.758035] [cloud-init[0;32m  OK  [0m[958]: ] The key's randomart image is:Started ACPI Events Check.

[   13.761459] [cloud-init[0;32m  OK  [0m[958]: ] +---[RSA 2048]----+Reached target Paths.

[   13.785319] [cloud-init[0;32m  OK  [0m[958]: ] |   ..=.===E      |Listening on UUID daemon activation socket.

[   13.786607] cloud-init[958]: |    = *.=o+      |
[   13.798266]          cloud-initStarting LXD - unix socket.[958]: 
|   . o o.B o .   |
[   13.802678] cloud-init[958]: |      o.= o o o  |
[   13.805225] cloud-init[958]: |     o .S. . + . |
[   13.805323] cloud-init[958]: |    +   . o o o  |
[   13.805398] cloud-init[958]: |   + . . * + +   |
[   13.805481] cloud-init[958]: |    o o o * * .  |
[   13.805551] cloud-init[958]: |     . .   +.+   |
[   13.805622] cloud-init[958]: +----[SHA256]-----+
[   13.805686] cloud-init[958]: Generating public/private dsa key pair.
[   13.805752] cloud-init[958]: Your identification has been saved in /etc/ssh/ssh_host_dsa_key.
[   13.805820] cloud-init[958]: Your public key has been saved in /etc/ssh/ssh_host_dsa_key.pub.
[   13.805883] cloud-init[958]: The key fingerprint is:
[   13.805948] cloud-init[958]: SHA256:0pafwR/4IJ7wbTFhM2r67rtwdBh26jlTFzH5lvscWcA root@ubuntu-xenial
[   13.806019] cloud-init[958]: The key's randomart image is:
[   13.806081] cloud-init[958]: +---[DSA 1024]----+
[   13.806147] cloud-init[958]: |            oo   |
[   13.806210] cloud-init[958]: |            .oE  |
[   13.806273] cloud-init[958]: |        o * .. o |
[   13.806335] cloud-init[958]: |       o X = .+ .|
[   13.806398] cloud-init[958]: |      o S X o. .o|
[   13.806465] cloud-init[958]: |       @ O X ..o |
[   13.806530] cloud-init[958]: |      o X = o  o.|
[   13.806596] cloud-init[958]: |       + +      o|
         Starting Socket activation for snappy daemon.
[   13.807374] [cloud-init[0;32m  OK  [0m[958]: ] |       o*o       |Listening on D-Bus System Message Bus Socket.

[   13.913151] [cloud-init[0;32m  OK  [0m[958]: ] +----[SHA256]-----+Listening on ACPID Listen Socket.

[   13.914172] [cloud-init[0;32m  OK  [0m[958]: ] Generating public/private ecdsa key pair.Started Daily apt download activities.

[   13.924375] [cloud-init[0;32m  OK  [0m[958]: ] Your identification has been saved in /etc/ssh/ssh_host_ecdsa_key.Started Daily apt upgrade and clean activities.

[   13.931672] [cloud-init[0;32m  OK  [0m[958]: ] Your public key has been saved in /etc/ssh/ssh_host_ecdsa_key.pub.Reached target Timers.

[   13.934447] cloud-init[958]: The key fingerprint is:
[   13.944824] cloud-init[958]: SHA256:gcDj2nCneHeQmNjk3lxZ7jwjhFg+US3Awjw34Oxcrjs root@ubuntu-xenial
[   13.961785] [cloud-init[0;32m  OK  [0m[958]: ] The key's randomart image is:Listening on LXD - unix socket.

[   13.970880] [[0;32m  OK  [0m] Listening on Socket activation for snappy daemon.
cloud-init[958]: +---[ECDSA 256]---+
[[0;32m  OK  [0m] Started iSCSI initiator daemon (iscsid).
[   13.977554] cloud-init[958]: |   +oo.o..       |
[   13.985935] cloud-init[958]: |   oO.*.. o      |
[   13.996767] cloud-init[958]: |   *o@o=.=       |
[   13.999706] cloud-init[958]: |  ooOoB +..      |
[   14.031837] cloud-init[958]: |   Bo=.=So       |
[   14.039197] cloud-init[958]: |  o =.+ o =      |
[   14.073029] cloud-init[958]: |   ... . . o     |
[   14.080728]          cloud-initStarting Login to default iSCSI targets...[958]: 
|    E.           |
[[0;32m  OK  [0m] Reached target Sockets.
[[0;32m  OK  [0m] Reached target Basic System.
[   14.106898] cloud-init[958]: |    ..           |
[   14.134427] cloud-init[958]: +----[SHA256]-----+
         Starting Accounts Service...
[   14.145311] cloud-init[958]: Generating public/private ed25519 key pair.
[   14.184828] cloud-init[958]: Your identification has been saved in /etc/ssh/ssh_host_ed25519_key.
         Starting /etc/rc.local Compatibility...
[   14.194027] cloud-init[958]: Your public key has been saved in /etc/ssh/ssh_host_ed25519_key.pub.
[   14.203163] cloud-init[958]: The key fingerprint is:
[[0;32m  OK  [0m] Started FUSE filesystem for LXC.
[   14.212050]          Starting LSB: Record successful boot for GRUB...
cloud-init[958]: SHA256:3XIgOjYpEN3HXsYpXYhWl11P9MGLDm9xYjpQaurSqJc root@ubuntu-xenial
[   14.229213] [cloud-init[0;32m  OK  [0m[958]: ] The key's randomart image is:Started Regular background program processing daemon.

[   14.229674] cloud-init[958]: +--[ED25519 256]--+
         Starting Login Service...
[   14.258006] cloud-init[958]: |  .. . . =.+oo.++|
[   14.275881]          cloud-initStarting System Logging Service...[958]: 
|   .. . * Bo. .o+|
[   14.277264] [cloud-init[0;32m  OK  [0m[958]: ] |  .    +.++   . +|Started D-Bus System Message Bus.

[   14.300688] cloud-init[958]: |   .   o.* + = o |
[   14.307000] cloud-init[958]: |    . * S + O +  |
[   14.310234] cloud-init[958]: |     o +   = +   |
[   14.313327] cloud-init[958]: |      =     o    |
[   14.317655] cloud-init[958]: |     E o         |
[   14.321659] cloud-init[958]: |   .o .          |
[   14.332918] cloud-init[958]: +----[SHA256]-----+
[[0;32m  OK  [0m] Started Deferred execution scheduler.
[[0;32m  OK  [0m] Started Unattended Upgrades Shutdown.
         Starting LSB: MD monitoring daemon...
         Starting Virtualbox guest utils...
         Starting Snappy daemon...
[[0;32m  OK  [0m] Started ACPI event daemon.
         Starting LXD - container startup/shutdown...
         Starting Pollinate to seed the pseudo random number generator...
[[0;32m  OK  [0m] Started System Logging Service.
[[0;32m  OK  [0m] Started /etc/rc.local Compatibility.
[[0;32m  OK  [0m] Started Login to default iSCSI targets.
[[0;32m  OK  [0m] Started LSB: Record successful boot for GRUB.
[[0;32m  OK  [0m] Started Login Service.
         Starting Authenticate and Authorize Users to Run Privileged Tasks...
[[0;32m  OK  [0m] Reached target Remote File Systems (Pre).
[[0;32m  OK  [0m] Reached target Remote File Systems.
         Starting LSB: daemon to balance interrupts for SMP systems...
         Starting Permit User Sessions...
         Starting LSB: Set the CPU Frequency Scaling governor to "ondemand"...
         Starting LSB: automatic crash report generation...
[[0;32m  OK  [0m] Started LSB: MD monitoring daemon.
[[0;32m  OK  [0m] Started LXD - container startup/shutdown.
[[0;32m  OK  [0m] Started Permit User Sessions.
         Starting Terminate Plymouth Boot Screen...
         Starting Hold until boot process finishes up...
[[0;32m  OK  [0m] Started LSB: Set the CPU Frequency Scaling governor to "ondemand".
[[0;32m  OK  [0m] Started Hold until boot process finishes up.
[[0;32m  OK  [0m] Started Authenticate and Authorize Users to Run Privileged Tasks.
[[0;32m  OK  [0m] Started Terminate Plymouth Boot Screen.
[[0;32m  OK  [0m] Started Accounts Service.
[[0;32m  OK  [0m] Started Getty on tty1.
         Starting Set console scheme...
[[0;32m  OK  [0m] Started Serial Getty on ttyS0.
[[0;32m  OK  [0m] Reached target Login Prompts.
[[0;32m  OK  [0m] Started Virtualbox guest utils.
[[0;32m  OK  [0m] Started LSB: daemon to balance interrupts for SMP systems.
[[0;32m  OK  [0m] Started LSB: automatic crash report generation.
[[0;32m  OK  [0m] Started Set console scheme.
[[0;32m  OK  [0m] Started Snappy daemon.
         Starting Wait until snapd is fully seeded...
[[0;32m  OK  [0m] Started Pollinate to seed the pseudo random number generator.
         Starting OpenBSD Secure Shell server...
[[0;32m  OK  [0m] Started OpenBSD Secure Shell server.
[[0;32m  OK  [0m] Started Wait until snapd is fully seeded.
[[0;32m  OK  [0m] Reached target Multi-User System.
[[0;32m  OK  [0m] Reached target Graphical Interface.
         Starting Update UTMP about System Runlevel Changes...
         Starting Apply the settings specified in cloud-config...
[[0;32m  OK  [0m] Started Update UTMP about System Runlevel Changes.
[[0;32m  OK  [0m] Created slice User Slice of vagrant.
         Starting User Manager for UID 1000...
[[0;32m  OK  [0m] Started Session 1 of user vagrant.
[[0;32m  OK  [0m] Started User Manager for UID 1000.
[   17.866816] cloud-init[1301]: Generating locales (this might take a while)...
[   20.186208] cloud-init[1301]:   en_US.UTF-8... done
[   20.202406] cloud-init[1301]: Generation complete.
[   21.306087] cloud-init[1301]: Cloud-init v. 18.5-45-g3554ffe8-0ubuntu1~16.04.1 running 'modules:config' at Wed, 05 Jun 2019 08:53:37 +0000. Up 17.57 seconds.

Ubuntu 16.04.6 LTS ubuntu-xenial ttyS0

ubuntu-xenial login: ci-info: no authorized ssh keys fingerprints found for user ubuntu.
<14>Jun  5 08:53:42 ec2: 
<14>Jun  5 08:53:42 ec2: #############################################################
<14>Jun  5 08:53:42 ec2: -----BEGIN SSH HOST KEY FINGERPRINTS-----
<14>Jun  5 08:53:42 ec2: 1024 SHA256:0pafwR/4IJ7wbTFhM2r67rtwdBh26jlTFzH5lvscWcA root@ubuntu-xenial (DSA)
<14>Jun  5 08:53:42 ec2: 256 SHA256:gcDj2nCneHeQmNjk3lxZ7jwjhFg+US3Awjw34Oxcrjs root@ubuntu-xenial (ECDSA)
<14>Jun  5 08:53:42 ec2: 256 SHA256:3XIgOjYpEN3HXsYpXYhWl11P9MGLDm9xYjpQaurSqJc root@ubuntu-xenial (ED25519)
<14>Jun  5 08:53:42 ec2: 2048 SHA256:FCN9g/622EDZ2J2vxDWuMj0tK4gj4WRl0I3AjXZT0VI root@ubuntu-xenial (RSA)
<14>Jun  5 08:53:42 ec2: -----END SSH HOST KEY FINGERPRINTS-----
<14>Jun  5 08:53:42 ec2: #############################################################
-----BEGIN SSH HOST KEY KEYS-----
ecdsa-sha2-nistp256 AAAAE2VjZHNhLXNoYTItbmlzdHAyNTYAAAAIbmlzdHAyNTYAAABBBE9dH16+z0l4TQliIpv4fp1WnnPxrricHqtkNcapsw6rRVnE47v+6gDCfiOQ/HVNCYRltEmFqf1hafGLfli4sTo= root@ubuntu-xenial
ssh-ed25519 AAAAC3NzaC1lZDI1NTE5AAAAIKkDDoCDkQiGtU0tmxOQZIiWSj2PjtqP4DAapn59wYBG root@ubuntu-xenial
ssh-rsa AAAAB3NzaC1yc2EAAAADAQABAAABAQDvZq1PzYSHttX3XXcOrKYpbyHL7wL0I0OK0/SKsOWRM2FAIO78sUF6XoJ1tQaH7LFsDzONp/Bo22Y+36pfTC5gwAg1gStgN+V2yEgHpDUOlTBSCQHvgsrufsEU7YeaXmOKgvOHHO6yfMCDiwDQN4MO7xyhobO6mXdgZnTSrb83iTr14ie6QKxsTh0eksVc4fUa1goU8SzI/hsaCNTzkKwFIg/zHMj6sNGqu5LGcBgS08xthlaJugFEG378BW01KVlr36hhIQMCd1SoiIVVceuvvFCIzeuzBdosXwMkXbH4cSK2Movyg88ZM5DyxRdqPVcUGn7OA94XjQbGuhouL/at root@ubuntu-xenial
-----END SSH HOST KEY KEYS-----
[   22.794081] cloud-init[1521]: Cloud-init v. 18.5-45-g3554ffe8-0ubuntu1~16.04.1 running 'modules:final' at Wed, 05 Jun 2019 08:53:42 +0000. Up 22.43 seconds.
[   22.794928] cloud-init[1521]: ci-info: no authorized ssh keys fingerprints found for user ubuntu.
[   22.815034] cloud-init[1521]: Cloud-init v. 18.5-45-g3554ffe8-0ubuntu1~16.04.1 finished at Wed, 05 Jun 2019 08:53:42 +0000. Datasource DataSourceNoCloud [seed=/dev/sdb][dsmode=net].  Up 22.78 seconds
